Archive member included to satisfy reference by file (symbol)

c:/program files (x86)/atmel/studio/7.0/toolchain/avr8/avr8-gnu-toolchain/bin/../lib/gcc/avr/5.4.0/../../../../avr/lib/avr6\libm.a(fixunssfsi.o)
                              Source/tasks/tempHumid.o (__fixunssfsi)
c:/program files (x86)/atmel/studio/7.0/toolchain/avr8/avr8-gnu-toolchain/bin/../lib/gcc/avr/5.4.0/../../../../avr/lib/avr6\libm.a(fp_split3.o)
                              c:/program files (x86)/atmel/studio/7.0/toolchain/avr8/avr8-gnu-toolchain/bin/../lib/gcc/avr/5.4.0/../../../../avr/lib/avr6\libm.a(fixunssfsi.o) (__fp_splitA)
c:/program files (x86)/atmel/studio/7.0/toolchain/avr8/avr8-gnu-toolchain/bin/../lib/gcc/avr/5.4.0/../../../../avr/lib/avr6\libm.a(fp_zero.o)
                              c:/program files (x86)/atmel/studio/7.0/toolchain/avr8/avr8-gnu-toolchain/bin/../lib/gcc/avr/5.4.0/../../../../avr/lib/avr6\libm.a(fixunssfsi.o) (__fp_zero)
../drivers\libIotLibrary.a(hih8120.o)
                              Source/tasks/tempHumid.o (hih8120_initialise)
../drivers\libIotLibrary.a(lora_driver.o)
                              Source/tasks/LoRaWANHandlerUplink.o (lora_driver_flushBuffers)
../drivers\libIotLibrary.a(lora_driver_utils.o)
                              ../drivers\libIotLibrary.a(lora_driver.o) (decode_port_no)
../drivers\libIotLibrary.a(mh_z19.o)
                              Source/tasks/co2.o (mh_z19_initialise)
../drivers\libIotLibrary.a(rc_servo.o)
                              Source/tasks/servo.o (rc_servo_setPosition)
../drivers\libIotLibrary.a(serial.o)
                              ../drivers\libIotLibrary.a(lora_driver.o) (serial_create)
../drivers\libIotLibrary.a(stdio_driver.o)
                              main.o (stdio_initialise)
../drivers\libIotLibrary.a(status_leds.o)
                              Source/tasks/LoRaWANHandlerUplink.o (status_leds_slowBlink)
../drivers\libIotLibrary.a(twi.o)
                              ../drivers\libIotLibrary.a(hih8120.o) (twiCreate)
../drivers\libIotLibrary.a(fifo.o)
                              ../drivers\libIotLibrary.a(serial.o) (fifo_init)
c:/program files (x86)/atmel/studio/7.0/toolchain/avr8/avr8-gnu-toolchain/bin/../lib/gcc/avr/5.4.0/../../../../avr/lib/avr6\libm.a(addsf3.o)
                              ../drivers\libIotLibrary.a(hih8120.o) (__subsf3)
c:/program files (x86)/atmel/studio/7.0/toolchain/avr8/avr8-gnu-toolchain/bin/../lib/gcc/avr/5.4.0/../../../../avr/lib/avr6\libm.a(addsf3x.o)
                              c:/program files (x86)/atmel/studio/7.0/toolchain/avr8/avr8-gnu-toolchain/bin/../lib/gcc/avr/5.4.0/../../../../avr/lib/avr6\libm.a(addsf3.o) (__addsf3x)
c:/program files (x86)/atmel/studio/7.0/toolchain/avr8/avr8-gnu-toolchain/bin/../lib/gcc/avr/5.4.0/../../../../avr/lib/avr6\libm.a(divsf3.o)
                              ../drivers\libIotLibrary.a(hih8120.o) (__divsf3)
c:/program files (x86)/atmel/studio/7.0/toolchain/avr8/avr8-gnu-toolchain/bin/../lib/gcc/avr/5.4.0/../../../../avr/lib/avr6\libm.a(divsf3x.o)
                              c:/program files (x86)/atmel/studio/7.0/toolchain/avr8/avr8-gnu-toolchain/bin/../lib/gcc/avr/5.4.0/../../../../avr/lib/avr6\libm.a(divsf3.o) (__divsf3x)
c:/program files (x86)/atmel/studio/7.0/toolchain/avr8/avr8-gnu-toolchain/bin/../lib/gcc/avr/5.4.0/../../../../avr/lib/avr6\libm.a(fixsfsi.o)
                              ../drivers\libIotLibrary.a(hih8120.o) (__fixsfsi)
c:/program files (x86)/atmel/studio/7.0/toolchain/avr8/avr8-gnu-toolchain/bin/../lib/gcc/avr/5.4.0/../../../../avr/lib/avr6\libm.a(floatsisf.o)
                              ../drivers\libIotLibrary.a(hih8120.o) (__floatunsisf)
c:/program files (x86)/atmel/studio/7.0/toolchain/avr8/avr8-gnu-toolchain/bin/../lib/gcc/avr/5.4.0/../../../../avr/lib/avr6\libm.a(fp_inf.o)
                              c:/program files (x86)/atmel/studio/7.0/toolchain/avr8/avr8-gnu-toolchain/bin/../lib/gcc/avr/5.4.0/../../../../avr/lib/avr6\libm.a(addsf3x.o) (__fp_inf)
c:/program files (x86)/atmel/studio/7.0/toolchain/avr8/avr8-gnu-toolchain/bin/../lib/gcc/avr/5.4.0/../../../../avr/lib/avr6\libm.a(fp_nan.o)
                              c:/program files (x86)/atmel/studio/7.0/toolchain/avr8/avr8-gnu-toolchain/bin/../lib/gcc/avr/5.4.0/../../../../avr/lib/avr6\libm.a(addsf3x.o) (__fp_nan)
c:/program files (x86)/atmel/studio/7.0/toolchain/avr8/avr8-gnu-toolchain/bin/../lib/gcc/avr/5.4.0/../../../../avr/lib/avr6\libm.a(fp_pscA.o)
                              c:/program files (x86)/atmel/studio/7.0/toolchain/avr8/avr8-gnu-toolchain/bin/../lib/gcc/avr/5.4.0/../../../../avr/lib/avr6\libm.a(addsf3x.o) (__fp_pscA)
c:/program files (x86)/atmel/studio/7.0/toolchain/avr8/avr8-gnu-toolchain/bin/../lib/gcc/avr/5.4.0/../../../../avr/lib/avr6\libm.a(fp_pscB.o)
                              c:/program files (x86)/atmel/studio/7.0/toolchain/avr8/avr8-gnu-toolchain/bin/../lib/gcc/avr/5.4.0/../../../../avr/lib/avr6\libm.a(addsf3x.o) (__fp_pscB)
[...]
Memory Configuration

Name             Origin             Length             Attributes
text             0x00000000         0x00040000         xr
data             0x00800200         0x00002000         rw !x
eeprom           0x00810000         0x00001000         rw !x
fuse             0x00820000         0x00000003         rw !x
lock             0x00830000         0x00000400         rw !x
signature        0x00840000         0x00000400         rw !x
user_signatures  0x00850000         0x00000400         rw !x
*default*        0x00000000         0xffffffff

Linker script and memory map

Address of section .data set to 0x800200
LOAD C:/Program Files (x86)/Atmel/Studio/7.0/Packs/atmel/ATmega_DFP/1.6.364/gcc/dev/atmega2560/avr6/crtatmega2560.o
LOAD FreeRTOS/FreeRTOSTraceDriver/FreeRTOSTraceDriver.o
LOAD FreeRTOS/src/croutine.o
LOAD FreeRTOS/src/event_groups.o
LOAD FreeRTOS/src/heap_4.o
LOAD FreeRTOS/src/list.o
LOAD FreeRTOS/src/port.o
LOAD FreeRTOS/src/queue.o
LOAD FreeRTOS/src/stream_buffer.o
LOAD FreeRTOS/src/tasks.o
LOAD FreeRTOS/src/timers.o
LOAD FreeRTOS/src/variantHooks.o
LOAD Source/tasks/Application.o
LOAD Source/tasks/co2.o
LOAD Source/tasks/Initializers.o
LOAD Source/tasks/LoRaWANDownlinkHandler.o
LOAD Source/tasks/LoRaWANHandlerUplink.o
LOAD Source/tasks/Organization.o
LOAD Source/tasks/SensorDataSharePackage.o
LOAD Source/tasks/servo.o
LOAD Source/tasks/tempHumid.o
LOAD main.o
START GROUP
LOAD c:/program files (x86)/atmel/studio/7.0/toolchain/avr8/avr8-gnu-toolchain/bin/../lib/gcc/avr/5.4.0/../../../../avr/lib/avr6\libm.a
LOAD ../drivers\libIotLibrary.a
END GROUP
START GROUP
LOAD c:/program files (x86)/atmel/studio/7.0/toolchain/avr8/avr8-gnu-toolchain/bin/../lib/gcc/avr/5.4.0/avr6\libgcc.a
LOAD c:/program files (x86)/atmel/studio/7.0/toolchain/avr8/avr8-gnu-toolchain/bin/../lib/gcc/avr/5.4.0/../../../../avr/lib/avr6\libm.a
LOAD c:/program files (x86)/atmel/studio/7.0/toolchain/avr8/avr8-gnu-toolchain/bin/../lib/gcc/avr/5.4.0/../../../../avr/lib/avr6\libc.a
LOAD C:/Program Files (x86)/Atmel/Studio/7.0/Packs/atmel/ATmega_DFP/1.6.364/gcc/dev/atmega2560/avr6\libatmega2560.a
END GROUP
                0x00000000                __TEXT_REGION_ORIGIN__ = DEFINED (__TEXT_REGION_ORIGIN__)?__TEXT_REGION_ORIGIN__:0x0
                [0x00800200]                __DATA_REGION_ORIGIN__ = DEFINED (__DATA_REGION_ORIGIN__)?__DATA_REGION_ORIGIN__:0x800200
                [0x00040000]                __TEXT_REGION_LENGTH__ = DEFINED (__TEXT_REGION_LENGTH__)?__TEXT_REGION_LENGTH__:0x100000
                [0x00002000]                __DATA_REGION_LENGTH__ = DEFINED (__DATA_REGION_LENGTH__)?__DATA_REGION_LENGTH__:0xfe00
                [0x00001000]                __EEPROM_REGION_LENGTH__ = DEFINED (__EEPROM_REGION_LENGTH__)?__EEPROM_REGION_LENGTH__:0x10000
                [0x00000003]                __FUSE_REGION_LENGTH__ = DEFINED (__FUSE_REGION_LENGTH__)?__FUSE_REGION_LENGTH__:0x400
                0x00000400                __LOCK_REGION_LENGTH__ = DEFINED (__LOCK_REGION_LENGTH__)?__LOCK_REGION_LENGTH__:0x400
                0x00000400                __SIGNATURE_REGION_LENGTH__ = DEFINED (__SIGNATURE_REGION_LENGTH__)?__SIGNATURE_REGION_LENGTH__:0x400
                0x00000400                __USER_SIGNATURE_REGION_LENGTH__ = DEFINED (__USER_SIGNATURE_REGION_LENGTH__)?__USER_SIGNATURE_REGION_LENGTH__:0x400

.hash
 *(.hash)

.dynsym
 *(.dynsym)

.dynstr
 *(.dynstr)

.gnu.version
 *(.gnu.version)

.gnu.version_d
 *(.gnu.version_d)

.gnu.version_r
 *(.gnu.version_r)

.rel.init
 *(.rel.init)

.rela.init
 *(.rela.init)

.rel.text
 *(.rel.text)
 *(.rel.text.*)
 *(.rel.gnu.linkonce.t*)

.rela.text
 *(.rela.text)
 *(.rela.text.*)
 *(.rela.gnu.linkonce.t*)

.rel.fini
 *(.rel.fini)

.rela.fini
 *(.rela.fini)

.rel.rodata
 *(.rel.rodata)
 *(.rel.rodata.*)
 *(.rel.gnu.linkonce.r*)

.rela.rodata
 *(.rela.rodata)
 *(.rela.rodata.*)
 *(.rela.gnu.linkonce.r*)

.rel.data
 *(.rel.data)
 *(.rel.data.*)
 *(.rel.gnu.linkonce.d*)

.rela.data
 *(.rela.data)
 *(.rela.data.*)
 *(.rela.gnu.linkonce.d*)

.rel.ctors
 *(.rel.ctors)

.rela.ctors
 *(.rela.ctors)

.rel.dtors
 *(.rel.dtors)

.rela.dtors
 *(.rela.dtors)

.rel.got
 *(.rel.got)

.rela.got
 *(.rela.got)

.rel.bss
 *(.rel.bss)

.rela.bss
 *(.rela.bss)

.rel.plt
 *(.rel.plt)

.rela.plt
 *(.rela.plt)

.text           0x00000000     0x66be
 *(.vectors)
 .vectors       0x00000000       0xe4 C:/Program Files (x86)/Atmel/Studio/7.0/Packs/atmel/ATmega_DFP/1.6.364/gcc/dev/atmega2560/avr6/crtatmega2560.o
                0x00000000                __vector_default
                0x00000000                __vectors
 *(.vectors)
 *(.progmem.gcc*)
 .progmem.gcc_sw_table.prvProcessReceivedCommands
                0x000000e4       0x14 FreeRTOS/src/timers.o
 .progmem.gcc_sw_table.__vector_39
                0x000000f8       0xa2 ../drivers\libIotLibrary.a(twi.o)
                0x0000019a                . = ALIGN (0x2)
                0x0000019a                __trampolines_start = .
 *(.trampolines)
 .trampolines   0x0000019a        0x0 linker stubs
 *(.trampolines*)
                0x0000019a                __trampolines_end = .
 *libprintf_flt.a:*(.progmem.data)
 *libc.a:*(.progmem.data)
 *(.progmem*)
                0x0000019a                . = ALIGN (0x2)
 *(.jumptables)
 *(.jumptables*)
 *(.lowtext)
 .lowtext       0x0000019a       0x14 FreeRTOS/src/tasks.o
 .lowtext       0x000001ae       0x1e FreeRTOS/src/timers.o
 *(.lowtext*)
                0x000001cc                __ctors_start = .
 *(.ctors)
                0x000001cc                __ctors_end = .
                0x000001cc                __dtors_start = .
 *(.dtors)
                0x000001cc                __dtors_end = .
 SORT(*)(.ctors)
 SORT(*)(.dtors)
 *(.init0)
 .init0         0x000001cc        0x0 C:/Program Files (x86)/Atmel/Studio/7.0/Packs/atmel/ATmega_DFP/1.6.364/gcc/dev/atmega2560/avr6/crtatmega2560.o
                0x000001cc                __init
 *(.init0)
 *(.init1)
 *(.init1)
 *(.init2)
 .init2         0x000001cc       0x10 C:/Program Files (x86)/Atmel/Studio/7.0/Packs/atmel/ATmega_DFP/1.6.364/gcc/dev/atmega2560/avr6/crtatmega2560.o
 *(.init2)
 *(.init3)
 *(.init3)
 *(.init4)
 .init4         0x000001dc       0x1a c:/program files (x86)/atmel/studio/7.0/toolchain/avr8/avr8-gnu-toolchain/bin/../lib/gcc/avr/5.4.0/avr6\libgcc.a(_copy_data.o)
                0x000001dc                __do_copy_data
 .init4         0x000001f6       0x10 c:/program files (x86)/atmel/studio/7.0/toolchain/avr8/avr8-gnu-toolchain/bin/../lib/gcc/avr/5.4.0/avr6\libgcc.a(_clear_bss.o)
                0x000001f6                __do_clear_bss
 *(.init4)
 *(.init5)
 *(.init5)
 *(.init6)
 *(.init6)
 *(.init7)
 *(.init7)
 *(.init8)
 *(.init8)
 *(.init9)
 .init9         0x00000206        0x8 C:/Program Files (x86)/Atmel/Studio/7.0/Packs/atmel/ATmega_DFP/1.6.364/gcc/dev/atmega2560/avr6/crtatmega2560.o
 *(.init9)
 *(.text)
 .text          0x0000020e        0x2 C:/Program Files (x86)/Atmel/Studio/7.0/Packs/atmel/ATmega_DFP/1.6.364/gcc/dev/atmega2560/avr6/crtatmega2560.o
                0x0000020e                __vector_38
                0x0000020e                __vector_22
                0x0000020e                __vector_28
                0x0000020e                __vector_1
                0x0000020e                __vector_32
                0x0000020e                __vector_34
                0x0000020e                __vector_24
                0x0000020e                __vector_46
                0x0000020e                __bad_interrupt
                0x0000020e                __vector_6
                0x0000020e                __vector_31
                0x0000020e                __vector_35
                0x0000020e                __vector_3
                0x0000020e                __vector_23
                0x0000020e                __vector_30
                0x0000020e                __vector_45
                0x0000020e                __vector_11
                0x0000020e                __vector_13
                0x0000020e                __vector_17
                0x0000020e                __vector_19
                0x0000020e                __vector_56
                0x0000020e                __vector_7
                0x0000020e                __vector_49
                0x0000020e                __vector_41
                0x0000020e                __vector_43
                0x0000020e                __vector_27
                0x0000020e                __vector_5
                0x0000020e                __vector_33
                0x0000020e                __vector_47
                0x0000020e                __vector_4
                0x0000020e                __vector_44
                0x0000020e                __vector_9
                0x0000020e                __vector_2
                0x0000020e                __vector_21
                0x0000020e                __vector_15
                0x0000020e                __vector_29
                0x0000020e                __vector_40
                0x0000020e                __vector_8
                0x0000020e                __vector_48
                0x0000020e                __vector_14
                0x0000020e                __vector_53
                0x0000020e                __vector_10
                0x0000020e                __vector_50
                0x0000020e                __vector_16
                0x0000020e                __vector_18
                0x0000020e                __vector_20
                0x0000020e                __vector_42
                0x00000210                . = ALIGN (0x2)
 *(.text.*)
 .text.prvTestWaitCondition
                0x00000210       0x42 FreeRTOS/src/event_groups.o
 .text.xEventGroupCreate
                0x00000252       0x26 FreeRTOS/src/event_groups.o
                0x00000252                xEventGroupCreate
 .text.xEventGroupWaitBits
                0x00000278      0x140 FreeRTOS/src/event_groups.o
                0x00000278                xEventGroupWaitBits
 .text.xEventGroupSetBits
                0x000003b8      0x11c FreeRTOS/src/event_groups.o
                0x000003b8                xEventGroupSetBits
 .text.prvHeapInit
                0x000004d4       0x52 FreeRTOS/src/heap_4.o
 .text.prvInsertBlockIntoFreeList
                0x00000526       0x94 FreeRTOS/src/heap_4.o
 .text.pvPortMalloc
                0x000005ba      0x152 FreeRTOS/src/heap_4.o
                0x000005ba                pvPortMalloc
 .text.vPortFree
                0x0000070c       0x7a FreeRTOS/src/heap_4.o
                0x0000070c                vPortFree
 .text.vListInitialise
                0x00000786       0x22 FreeRTOS/src/list.o
                0x00000786                vListInitialise
 .text.vListInitialiseItem
                0x000007a8        0x8 FreeRTOS/src/list.o
                0x000007a8                vListInitialiseItem
 .text.vListInsert
                0x000007b0       0x7a FreeRTOS/src/list.o
                0x000007b0                vListInsert
 .text.uxListRemove
                0x0000082a       0x4e FreeRTOS/src/list.o
                0x0000082a                uxListRemove
 .text.prvSetupTimerInterrupt
                0x00000878       0x18 FreeRTOS/src/port.o
 .text.pxPortInitialiseStack
                0x00000890       0x2e FreeRTOS/src/port.o
                0x00000890                pxPortInitialiseStack
 .text.xPortStartScheduler
                0x000008be       0x64 FreeRTOS/src/port.o
                0x000008be                xPortStartScheduler
 .text.vPortYield
                0x00000922       0xc2 FreeRTOS/src/port.o
                0x00000922                vPortYield
 .text.vPortYieldFromTick
                0x000009e4       0xca FreeRTOS/src/port.o
                0x000009e4                vPortYieldFromTick
 .text.__vector_12
                0x00000aae        0x4 FreeRTOS/src/port.o
                0x00000aae                __vector_12
 .text.prvGetDisinheritPriorityAfterTimeout
                0x00000ab2       0x20 FreeRTOS/src/queue.o
 .text.prvIsQueueEmpty
                0x00000ad2       0x1a FreeRTOS/src/queue.o
 .text.prvIsQueueFull
                0x00000aec       0x1c FreeRTOS/src/queue.o
 .text.prvCopyDataToQueue
                0x00000b08       0xbe FreeRTOS/src/queue.o
 .text.prvCopyDataFromQueue
                0x00000bc6       0x34 FreeRTOS/src/queue.o
 .text.prvUnlockQueue
                0x00000bfa       0x68 FreeRTOS/src/queue.o
 .text.xQueueGenericReset
                0x00000c62       0x86 FreeRTOS/src/queue.o
                0x00000c62                xQueueGenericReset
 .text.prvInitialiseNewQueue
                0x00000ce8       0x24 FreeRTOS/src/queue.o
 .text.xQueueGenericCreate
                0x00000d0c       0x46 FreeRTOS/src/queue.o
                0x00000d0c                xQueueGenericCreate
 .text.xQueueGenericSend
                0x00000d52      0x124 FreeRTOS/src/queue.o
                0x00000d52                xQueueGenericSend
 .text.xQueueGenericSendFromISR
                0x00000e76       0x76 FreeRTOS/src/queue.o
                0x00000e76                xQueueGenericSendFromISR
 .text.xQueueReceive
                0x00000eec      0x11e FreeRTOS/src/queue.o
                0x00000eec                xQueueReceive
 .text.xQueueSemaphoreTake
                0x0000100a      0x162 FreeRTOS/src/queue.o
                0x0000100a                xQueueSemaphoreTake
 .text.vQueueWaitForMessageRestricted
                0x0000116c       0x38 FreeRTOS/src/queue.o
                0x0000116c                vQueueWaitForMessageRestricted
 .text.prvBytesInBuffer
                0x000011a4       0x26 FreeRTOS/src/stream_buffer.o
 .text.prvInitialiseNewStreamBuffer
                0x000011ca       0x20 FreeRTOS/src/stream_buffer.o
 .text.prvWriteBytesToBuffer
                0x000011ea       0x92 FreeRTOS/src/stream_buffer.o
 .text.prvWriteMessageToBuffer
                0x0000127c       0x86 FreeRTOS/src/stream_buffer.o
 .text.prvReadBytesFromBuffer
                0x00001302       0x9e FreeRTOS/src/stream_buffer.o
 .text.prvReadMessageFromBuffer
                0x000013a0       0x8a FreeRTOS/src/stream_buffer.o
 .text.xStreamBufferGenericCreate
                0x0000142a       0x64 FreeRTOS/src/stream_buffer.o
                0x0000142a                xStreamBufferGenericCreate
 .text.xStreamBufferReset
                0x0000148e       0x3c FreeRTOS/src/stream_buffer.o
                0x0000148e                xStreamBufferReset
 .text.xStreamBufferSpacesAvailable
                0x000014ca       0x24 FreeRTOS/src/stream_buffer.o
                0x000014ca                xStreamBufferSpacesAvailable
 .text.xStreamBufferSend
                0x000014ee      0x18a FreeRTOS/src/stream_buffer.o
                0x000014ee                xStreamBufferSend
 .text.xStreamBufferSendFromISR
                0x00001678       0x88 FreeRTOS/src/stream_buffer.o
                0x00001678                xStreamBufferSendFromISR
 .text.xStreamBufferReceive
                0x00001700      0x106 FreeRTOS/src/stream_buffer.o
                0x00001700                xStreamBufferReceive
 .text.prvResetNextTaskUnblockTime
                0x00001806       0x4e FreeRTOS/src/tasks.o
 .text.prvDeleteTCB
                0x00001854       0x1a FreeRTOS/src/tasks.o
 .text.prvInitialiseNewTask
                0x0000186e       0xfc FreeRTOS/src/tasks.o
 .text.prvInitialiseTaskLists
                0x0000196a       0x60 FreeRTOS/src/tasks.o
 .text.prvAddNewTaskToReadyList
                0x000019ca       0xde FreeRTOS/src/tasks.o
 .text.prvCheckTasksWaitingTermination
                0x00001aa8       0x4a FreeRTOS/src/tasks.o
 .text.prvAddCurrentTaskToDelayedList
                0x00001af2      0x144 FreeRTOS/src/tasks.o
 .text.xTaskCreate
                0x00001c36       0x98 FreeRTOS/src/tasks.o
                0x00001c36                xTaskCreate
 .text.vTaskStartScheduler
                0x00001cce       0x70 FreeRTOS/src/tasks.o
                0x00001cce                vTaskStartScheduler
 .text.vTaskSuspendAll
                0x00001d3e        0xc FreeRTOS/src/tasks.o
                0x00001d3e                vTaskSuspendAll
 .text.xTaskGetTickCount
                0x00001d4a       0x1c FreeRTOS/src/tasks.o
                0x00001d4a                xTaskGetTickCount
 .text.xTaskIncrementTick
                0x00001d66      0x258 FreeRTOS/src/tasks.o
                0x00001d66                xTaskIncrementTick
 .text.xTaskResumeAll
                0x00001fbe      0x1b8 FreeRTOS/src/tasks.o
                0x00001fbe                xTaskResumeAll
 .text.xTaskDelayUntil
                0x00002176       0xca FreeRTOS/src/tasks.o
                0x00002176                xTaskDelayUntil
 .text.vTaskDelay
                0x00002240       0x36 FreeRTOS/src/tasks.o
                0x00002240                vTaskDelay
 .text.vTaskSwitchContext
                0x00002276       0xca FreeRTOS/src/tasks.o
                0x00002276                vTaskSwitchContext
 .text.vTaskPlaceOnEventList
                0x00002340       0x2e FreeRTOS/src/tasks.o
                0x00002340                vTaskPlaceOnEventList
 .text.vTaskPlaceOnUnorderedEventList
                0x0000236e       0x94 FreeRTOS/src/tasks.o
                0x0000236e                vTaskPlaceOnUnorderedEventList
 .text.vTaskPlaceOnEventListRestricted
                0x00002402       0x84 FreeRTOS/src/tasks.o
                0x00002402                vTaskPlaceOnEventListRestricted
 .text.xTaskRemoveFromEventList
                0x00002486      0x15e FreeRTOS/src/tasks.o
                0x00002486                xTaskRemoveFromEventList
 .text.vTaskRemoveFromUnorderedEventList
                0x000025e4      0x134 FreeRTOS/src/tasks.o
                0x000025e4                vTaskRemoveFromUnorderedEventList
 .text.vTaskSetTimeOutState
                0x00002718       0x2c FreeRTOS/src/tasks.o
                0x00002718                vTaskSetTimeOutState
 .text.vTaskInternalSetTimeOutState
                0x00002744       0x22 FreeRTOS/src/tasks.o
                0x00002744                vTaskInternalSetTimeOutState
 .text.xTaskCheckForTimeOut
                0x00002766       0xcc FreeRTOS/src/tasks.o
                0x00002766                xTaskCheckForTimeOut
 .text.vTaskMissedYield
                0x00002832        0x8 FreeRTOS/src/tasks.o
                0x00002832                vTaskMissedYield
 .text.xTaskGetCurrentTaskHandle
                0x0000283a        0xa FreeRTOS/src/tasks.o
                0x0000283a                xTaskGetCurrentTaskHandle
 .text.xTaskGetSchedulerState
                0x00002844       0x1c FreeRTOS/src/tasks.o
                0x00002844                xTaskGetSchedulerState
 .text.xTaskPriorityInherit
                0x00002860      0x10e FreeRTOS/src/tasks.o
                0x00002860                xTaskPriorityInherit
 .text.xTaskPriorityDisinherit
                0x0000296e       0xb6 FreeRTOS/src/tasks.o
                0x0000296e                xTaskPriorityDisinherit
 .text.vTaskPriorityDisinheritAfterTimeout
                0x00002a24       0xce FreeRTOS/src/tasks.o
                0x00002a24                vTaskPriorityDisinheritAfterTimeout
 .text.uxTaskResetEventItemValue
                0x00002af2       0x54 FreeRTOS/src/tasks.o
                0x00002af2                uxTaskResetEventItemValue
 .text.pvTaskIncrementMutexHeldCount
                0x00002b46       0x24 FreeRTOS/src/tasks.o
                0x00002b46                pvTaskIncrementMutexHeldCount
 .text.xTaskGenericNotifyWait
                0x00002b6a      0x150 FreeRTOS/src/tasks.o
                0x00002b6a                xTaskGenericNotifyWait
 .text.xTaskGenericNotify
                0x00002cba      0x1ee FreeRTOS/src/tasks.o
                0x00002cba                xTaskGenericNotify
 .text.xTaskGenericNotifyFromISR
                0x00002ea8      0x244 FreeRTOS/src/tasks.o
                0x00002ea8                xTaskGenericNotifyFromISR
 .text.xTaskGenericNotifyStateClear
                0x000030ec       0x34 FreeRTOS/src/tasks.o
                0x000030ec                xTaskGenericNotifyStateClear
 .text.prvGetNextExpireTime
                0x00003120       0x30 FreeRTOS/src/timers.o
 .text.prvInsertTimerInActiveList
                0x00003150       0x92 FreeRTOS/src/timers.o
 .text.prvCheckForValidListAndQueue
                0x000031e2       0x52 FreeRTOS/src/timers.o
 .text.xTimerCreateTimerTask
                0x00003234       0x42 FreeRTOS/src/timers.o
                0x00003234                xTimerCreateTimerTask
 .text.xTimerGenericCommand
                0x00003276       0xbc FreeRTOS/src/timers.o
                0x00003276                xTimerGenericCommand
 .text.prvSwitchTimerLists
                0x00003332       0xd0 FreeRTOS/src/timers.o
 .text.prvSampleTimeNow
                0x00003402       0x5c FreeRTOS/src/timers.o
 .text.prvProcessExpiredTimer
                0x0000345e       0xac FreeRTOS/src/timers.o
 .text.prvProcessTimerOrBlockTask
                0x0000350a       0xae FreeRTOS/src/timers.o
 .text.prvProcessReceivedCommands
                0x000035b8      0x168 FreeRTOS/src/timers.o
 .text.vApplicationIdleHook
                0x00003720        0x2 FreeRTOS/src/variantHooks.o
                0x00003720                vApplicationIdleHook
 .text.prvSetMainLedOn
                0x00003722        0xe FreeRTOS/src/variantHooks.o
                0x00003722                prvSetMainLedOn
 .text.prvBlinkMainLed
                0x00003730        0x8 FreeRTOS/src/variantHooks.o
                0x00003730                prvBlinkMainLed
 .text.vApplicationMallocFailedHook
                0x00003738       0x18 FreeRTOS/src/variantHooks.o
                0x00003738                vApplicationMallocFailedHook
 .text.vApplicationStackOverflowHook
                0x00003750       0x18 FreeRTOS/src/variantHooks.o
                0x00003750                vApplicationStackOverflowHook
 .text.applicationTask
                0x00003768       0xb6 Source/tasks/Application.o
                0x00003768                applicationTask
 .text.applicationTaskRun
                0x0000381e       0x28 Source/tasks/Application.o
                0x0000381e                applicationTaskRun
 .text.myCo2CallBack
                0x00003846       0x36 Source/tasks/co2.o
                0x00003846                myCo2CallBack
 .text.Co2_init
                0x0000387c       0x10 Source/tasks/co2.o
                0x0000387c                Co2_init
 .text.Co2_measureTask
                0x0000388c       0x1e Source/tasks/co2.o
                0x0000388c                Co2_measureTask
 .text.Co2_getDataFromSensorTask
                0x000038aa       0x32 Source/tasks/co2.o
                0x000038aa                Co2_getDataFromSensorTask
 .text.get_co2_data
                0x000038dc        0xa Source/tasks/co2.o
                0x000038dc                get_co2_data
 .text.createCo2Task
                0x000038e6       0x2a Source/tasks/co2.o
                0x000038e6                createCo2Task
 .text.initializeTemperatureAndHumiditySemaphore
                0x00003910       0x28 Source/tasks/Initializers.o
                0x00003910                initializeTemperatureAndHumiditySemaphore
 .text.initializeServoSemaphore
                0x00003938       0x28 Source/tasks/Initializers.o
                0x00003938                initializeServoSemaphore
 .text.initializeQueue
                0x00003960       0x14 Source/tasks/Initializers.o
                0x00003960                initializeQueue
 .text.initializeEventGroup
                0x00003974       0x1a Source/tasks/Initializers.o
                0x00003974                initializeEventGroup
 .text.initializeDownlinkMessageBuffer
                0x0000398e       0x2e Source/tasks/Initializers.o
                0x0000398e                initializeDownlinkMessageBuffer
 .text.lora_downlink_task
                0x000039bc       0x74 Source/tasks/LoRaWANDownlinkHandler.o
                0x000039bc                lora_downlink_task
 .text.lora_downlink_handler_create
                0x00003a30       0x28 Source/tasks/LoRaWANDownlinkHandler.o
                0x00003a30                lora_downlink_handler_create
 .text._lora_setup
                0x00003a58      0x188 Source/tasks/LoRaWANHandlerUplink.o
 .text.lora_handler_uplink_task
                0x00003be0       0xa2 Source/tasks/LoRaWANHandlerUplink.o
                0x00003be0                lora_handler_uplink_task
 .text.lora_uplink_handler_create
                0x00003c82       0x28 Source/tasks/LoRaWANHandlerUplink.o
                0x00003c82                lora_uplink_handler_create
 .text.Organization_init
                0x00003caa       0x2e Source/tasks/Organization.o
                0x00003caa                Organization_init
 .text.setServoLevel
                0x00003cd8       0x3e Source/tasks/Organization.o
                0x00003cd8                setServoLevel
 .text.getServoLevel
                0x00003d16       0x38 Source/tasks/Organization.o
                0x00003d16                getServoLevel
 .text.SensorDataSharePackage_setTemperature_value
                0x00003d4e        0xa Source/tasks/SensorDataSharePackage.o
                0x00003d4e                SensorDataSharePackage_setTemperature_value
 .text.SensorDataSharePackage_setHumidity_value
                0x00003d58        0xa Source/tasks/SensorDataSharePackage.o
                0x00003d58                SensorDataSharePackage_setHumidity_value
 .text.SensorDataSharePackage_setCo2_value
                0x00003d62        0xa Source/tasks/SensorDataSharePackage.o
                0x00003d62                SensorDataSharePackage_setCo2_value
 .text.SensorDataSharePackage_getLoraPayload
                0x00003d6c       0xc4 Source/tasks/SensorDataSharePackage.o
                0x00003d6c                SensorDataSharePackage_getLoraPayload
 .text.servo_TurnTask
                0x00003e30       0x3c Source/tasks/servo.o
                0x00003e30                servo_TurnTask
 .text.servo_TaskRun
                0x00003e6c       0x2a Source/tasks/servo.o
                0x00003e6c                servo_TaskRun
 .text.TempHumid_init
                0x00003e96       0x2a Source/tasks/tempHumid.o
                0x00003e96                TempHumid_init
 .text.TempHumid_measureTask
                0x00003ec0       0x46 Source/tasks/tempHumid.o
                0x00003ec0                TempHumid_measureTask
 .text.TempHumid_getDataFromSensorTask
                0x00003f06       0x5a Source/tasks/tempHumid.o
                0x00003f06                TempHumid_getDataFromSensorTask
 .text.get_temperature_data
                0x00003f60        0xa Source/tasks/tempHumid.o
                0x00003f60                get_temperature_data
 .text.get_humidity_data
                0x00003f6a        0xa Source/tasks/tempHumid.o
                0x00003f6a                get_humidity_data
 .text.createTempHumidTask
                0x00003f74       0x2a Source/tasks/tempHumid.o
                0x00003f74                createTempHumidTask
 .text.taskInitializeData
                0x00003f9e       0x1a main.o
                0x00003f9e                taskInitializeData
 .text.create_tasks
                0x00003fb8       0x1c main.o
                0x00003fb8                create_tasks
 .text.initialiseSystem
                0x00003fd4        0xc main.o
                0x00003fd4                initialiseSystem
 .text.main     0x00003fe0       0x10 main.o
                0x00003fe0                main
 .text.avr-libc.fplib
                0x00003ff0       0x58 c:/program files (x86)/atmel/studio/7.0/toolchain/avr8/avr8-gnu-toolchain/bin/../lib/gcc/avr/5.4.0/../../../../avr/lib/avr6\libm.a(fixunssfsi.o)
                0x00003ff0                __fixunssfsi
 .text.avr-libc.fplib
                0x00004048       0x44 c:/program files (x86)/atmel/studio/7.0/toolchain/avr8/avr8-gnu-toolchain/bin/../lib/gcc/avr/5.4.0/../../../../avr/lib/avr6\libm.a(fp_split3.o)
                0x00004048                __fp_split3
                0x00004058                __fp_splitA
 .text.avr-libc.fplib
                0x0000408c        0xe c:/program files (x86)/atmel/studio/7.0/toolchain/avr8/avr8-gnu-toolchain/bin/../lib/gcc/avr/5.4.0/../../../../avr/lib/avr6\libm.a(fp_zero.o)
                0x0000408c                __fp_zero
                0x0000408e                __fp_szero
 .text._hihTwiCallback
                0x0000409a       0x5a ../drivers\libIotLibrary.a(hih8120.o)
 .text.hih8120_initialise
                0x000040f4       0x30 ../drivers\libIotLibrary.a(hih8120.o)
                0x000040f4                hih8120_initialise
 .text.hih8120_wakeup
                0x00004124       0x2a ../drivers\libIotLibrary.a(hih8120.o)
                0x00004124                hih8120_wakeup
 .text.hih8120_measure
                0x0000414e       0x22 ../drivers\libIotLibrary.a(hih8120.o)
                0x0000414e                hih8120_measure
 .text.hih8120_getHumidity
                0x00004170       0x2a ../drivers\libIotLibrary.a(hih8120.o)
                0x00004170                hih8120_getHumidity
 .text.hih8120_getTemperature
                0x0000419a       0x36 ../drivers\libIotLibrary.a(hih8120.o)
                0x0000419a                hih8120_getTemperature
 .text._serialCallBack
                0x000041d0       0x8c ../drivers\libIotLibrary.a(lora_driver.o)
 .text._uploadMessage
                0x0000425c       0xb4 ../drivers\libIotLibrary.a(lora_driver.o)
 .text._reply2ReturnCode
                0x00004310       0xea ../drivers\libIotLibrary.a(lora_driver.o)
 .text._uploadMessageRc
                0x000043fa        0x6 ../drivers\libIotLibrary.a(lora_driver.o)
 .text.lora_driver_flushBuffers
                0x00004400        0xe ../drivers\libIotLibrary.a(lora_driver.o)
                0x00004400                lora_driver_flushBuffers
 .text.lora_driver_initialise
                0x0000440e       0x80 ../drivers\libIotLibrary.a(lora_driver.o)
                0x0000440e                lora_driver_initialise
 .text.lora_driver_resetRn2483
                0x0000448e       0x1c ../drivers\libIotLibrary.a(lora_driver.o)
                0x0000448e                lora_driver_resetRn2483
 .text.lora_driver_rn2483FactoryReset
                0x000044aa       0x24 ../drivers\libIotLibrary.a(lora_driver.o)
                0x000044aa                lora_driver_rn2483FactoryReset
 .text.lora_driver_getRn2483Hweui
                0x000044ce       0x38 ../drivers\libIotLibrary.a(lora_driver.o)
                0x000044ce                lora_driver_getRn2483Hweui
 .text.lora_driver_setDeviceIdentifier
                0x00004506       0x22 ../drivers\libIotLibrary.a(lora_driver.o)
                0x00004506                lora_driver_setDeviceIdentifier
 .text.lora_driver_setApplicationIdentifier
                0x00004528       0x22 ../drivers\libIotLibrary.a(lora_driver.o)
                0x00004528                lora_driver_setApplicationIdentifier
 .text.lora_driver_setApplicationKey
                0x0000454a       0x22 ../drivers\libIotLibrary.a(lora_driver.o)
                0x0000454a                lora_driver_setApplicationKey
 .text.lora_driver_saveMac
                0x0000456c        0xc ../drivers\libIotLibrary.a(lora_driver.o)
                0x0000456c                lora_driver_saveMac
 .text.lora_driver_join
                0x00004578       0x52 ../drivers\libIotLibrary.a(lora_driver.o)
                0x00004578                lora_driver_join
 .text.lora_driver_sendUploadMessage
                0x000045ca      0x196 ../drivers\libIotLibrary.a(lora_driver.o)
                0x000045ca                lora_driver_sendUploadMessage
 .text.lora_driver_setAdaptiveDataRate
                0x00004760       0x16 ../drivers\libIotLibrary.a(lora_driver.o)
                0x00004760                lora_driver_setAdaptiveDataRate
 .text.lora_driver_setReceiveDelay
                0x00004776       0x30 ../drivers\libIotLibrary.a(lora_driver.o)
                0x00004776                lora_driver_setReceiveDelay
 .text.lora_driver_configureToEu868
                0x000047a6      0x1bc ../drivers\libIotLibrary.a(lora_driver.o)
                0x000047a6                lora_driver_configureToEu868
 .text.lora_driver_setOtaaIdentity
                0x00004962       0x42 ../drivers\libIotLibrary.a(lora_driver.o)
                0x00004962                lora_driver_setOtaaIdentity
 .text.lora_driver_mapReturnCodeToText
                0x000049a4       0x18 ../drivers\libIotLibrary.a(lora_driver.o)
                0x000049a4                lora_driver_mapReturnCodeToText
 .text.decode_port_no
                0x000049bc       0x58 ../drivers\libIotLibrary.a(lora_driver_utils.o)
                0x000049bc                decode_port_no
 .text.decode_hexadecimal_string_bytes
                0x00004a14       0x92 ../drivers\libIotLibrary.a(lora_driver_utils.o)
                0x00004a14                decode_hexadecimal_string_bytes
 .text._serialCallBack
                0x00004aa6       0xb6 ../drivers\libIotLibrary.a(mh_z19.o)
 .text.mh_z19_initialise
                0x00004b5c       0x4a ../drivers\libIotLibrary.a(mh_z19.o)
                0x00004b5c                mh_z19_initialise
 .text.mh_z19_injectCallBack
                0x00004ba6        0xa ../drivers\libIotLibrary.a(mh_z19.o)
                0x00004ba6                mh_z19_injectCallBack
 .text.mh_z19_takeMeassuring
                0x00004bb0       0x5e ../drivers\libIotLibrary.a(mh_z19.o)
                0x00004bb0                mh_z19_takeMeassuring
 .text.rc_servo_setPosition
                0x00004c0e       0x30 ../drivers\libIotLibrary.a(rc_servo.o)
                0x00004c0e                rc_servo_setPosition
 .text.rc_servo_initialise
                0x00004c3e       0x38 ../drivers\libIotLibrary.a(rc_servo.o)
                0x00004c3e                rc_servo_initialise
 .text.serial_create
                0x00004c76      0x142 ../drivers\libIotLibrary.a(serial.o)
                0x00004c76                serial_create
 .text.serial_sendByte
                0x00004db8       0x56 ../drivers\libIotLibrary.a(serial.o)
                0x00004db8                serial_sendByte
 .text.serial_sendBytes
                0x00004e0e       0xaa ../drivers\libIotLibrary.a(serial.o)
                0x00004e0e                serial_sendBytes
 .text.serial_getByte
                0x00004eb8       0x40 ../drivers\libIotLibrary.a(serial.o)
                0x00004eb8                serial_getByte
 .text.__vector_25
                0x00004ef8       0xa4 ../drivers\libIotLibrary.a(serial.o)
                0x00004ef8                __vector_25
 .text.__vector_26
                0x00004f9c       0x88 ../drivers\libIotLibrary.a(serial.o)
                0x00004f9c                __vector_26
 .text.__vector_36
                0x00005024       0xa4 ../drivers\libIotLibrary.a(serial.o)
                0x00005024                __vector_36
 .text.__vector_37
                0x000050c8       0x88 ../drivers\libIotLibrary.a(serial.o)
                0x000050c8                __vector_37
 .text.__vector_51
                0x00005150       0xa4 ../drivers\libIotLibrary.a(serial.o)
                0x00005150                __vector_51
 .text.__vector_52
                0x000051f4       0x88 ../drivers\libIotLibrary.a(serial.o)
                0x000051f4                __vector_52
 .text.__vector_54
                0x0000527c       0xa4 ../drivers\libIotLibrary.a(serial.o)
                0x0000527c                __vector_54
 .text.__vector_55
                0x00005320       0x88 ../drivers\libIotLibrary.a(serial.o)
                0x00005320                __vector_55
 .text.usart_getchar
                0x000053a8       0x2a ../drivers\libIotLibrary.a(stdio_driver.o)
 .text.usart_putchar
                0x000053d2       0x12 ../drivers\libIotLibrary.a(stdio_driver.o)
 .text.stdio_initialise
                0x000053e4       0x52 ../drivers\libIotLibrary.a(stdio_driver.o)
                0x000053e4                stdio_initialise
 .text._turn_off
                0x00005436       0x98 ../drivers\libIotLibrary.a(status_leds.o)
 .text._turn_on
                0x000054ce       0x98 ../drivers\libIotLibrary.a(status_leds.o)
 .text.status_leds_slowBlink
                0x00005566       0x46 ../drivers\libIotLibrary.a(status_leds.o)
                0x00005566                status_leds_slowBlink
 .text.status_leds_fastBlink
                0x000055ac       0x46 ../drivers\libIotLibrary.a(status_leds.o)
                0x000055ac                status_leds_fastBlink
 .text.status_leds_ledOn
                0x000055f2       0x1e ../drivers\libIotLibrary.a(status_leds.o)
                0x000055f2                status_leds_ledOn
 .text.status_leds_ledOff
                0x00005610       0x1e ../drivers\libIotLibrary.a(status_leds.o)
                0x00005610                status_leds_ledOff
 .text.status_leds_longPuls
                0x0000562e       0x24 ../drivers\libIotLibrary.a(status_leds.o)
                0x0000562e                status_leds_longPuls
 .text.status_leds_shortPuls
                0x00005652       0x22 ../drivers\libIotLibrary.a(status_leds.o)
                0x00005652                status_leds_shortPuls
 .text._initTwiInterface
                0x00005674       0x22 ../drivers\libIotLibrary.a(twi.o)
 .text.twiCreate
                0x00005696       0x9a ../drivers\libIotLibrary.a(twi.o)
                0x00005696                twiCreate
 .text.twiIsBusy
                0x00005730        0x8 ../drivers\libIotLibrary.a(twi.o)
                0x00005730                twiIsBusy
 .text.twiTransmit
                0x00005738       0x98 ../drivers\libIotLibrary.a(twi.o)
                0x00005738                twiTransmit
 .text.twiReceive
                0x000057d0       0x66 ../drivers\libIotLibrary.a(twi.o)
                0x000057d0                twiReceive
 .text.__vector_39
                0x00005836      0x17a ../drivers\libIotLibrary.a(twi.o)
                0x00005836                __vector_39
 .text.fifo_init
                0x000059b0       0x38 ../drivers\libIotLibrary.a(fifo.o)
                0x000059b0                fifo_init
 .text.avr-libc.fplib
                0x000059e8        0xa c:/program files (x86)/atmel/studio/7.0/toolchain/avr8/avr8-gnu-toolchain/bin/../lib/gcc/avr/5.4.0/../../../../avr/lib/avr6\libm.a(addsf3.o)
                0x000059e8                __subsf3
                0x000059ea                __addsf3
 .text.avr-libc.fplib
                0x000059f2       0xc4 c:/program files (x86)/atmel/studio/7.0/toolchain/avr8/avr8-gnu-toolchain/bin/../lib/gcc/avr/5.4.0/../../../../avr/lib/avr6\libm.a(addsf3x.o)
                0x00005a0c                __addsf3x
 .text.avr-libc.fplib
                0x00005ab6        0x4 c:/program files (x86)/atmel/studio/7.0/toolchain/avr8/avr8-gnu-toolchain/bin/../lib/gcc/avr/5.4.0/../../../../avr/lib/avr6\libm.a(divsf3.o)
                0x00005ab6                __divsf3
 .text.avr-libc.fplib
                0x00005aba       0xd2 c:/program files (x86)/atmel/studio/7.0/toolchain/avr8/avr8-gnu-toolchain/bin/../lib/gcc/avr/5.4.0/../../../../avr/lib/avr6\libm.a(divsf3x.o)
                0x00005ad2                __divsf3x
                0x00005ad8                __divsf3_pse
 .text.avr-libc.fplib
                0x00005b8c       0x7a c:/program files (x86)/atmel/studio/7.0/toolchain/avr8/avr8-gnu-toolchain/bin/../lib/gcc/avr/5.4.0/../../../../avr/lib/avr6\libm.a(floatsisf.o)
                0x00005b8c                __floatunsisf
                0x00005b90                __floatsisf
 .text.avr-libc.fplib
                0x00005c06        0xc c:/program files (x86)/atmel/studio/7.0/toolchain/avr8/avr8-gnu-toolchain/bin/../lib/gcc/avr/5.4.0/../../../../avr/lib/avr6\libm.a(fp_inf.o)
                0x00005c06                __fp_inf
 .text.avr-libc.fplib
                0x00005c12        0x6 c:/program files (x86)/atmel/studio/7.0/toolchain/avr8/avr8-gnu-toolchain/bin/../lib/gcc/avr/5.4.0/../../../../avr/lib/avr6\libm.a(fp_nan.o)
                0x00005c12                __fp_nan
 .text.avr-libc.fplib
                0x00005c18        0xe c:/program files (x86)/atmel/studio/7.0/toolchain/avr8/avr8-gnu-toolchain/bin/../lib/gcc/avr/5.4.0/../../../../avr/lib/avr6\libm.a(fp_pscA.o)
                0x00005c18                __fp_pscA
 .text.avr-libc.fplib
                0x00005c26        0xe c:/program files (x86)/atmel/studio/7.0/toolchain/avr8/avr8-gnu-toolchain/bin/../lib/gcc/avr/5.4.0/../../../../avr/lib/avr6\libm.a(fp_pscB.o)
                0x00005c26                __fp_pscB
 .text.avr-libc.fplib
                0x00005c34       0x22 c:/program files (x86)/atmel/studio/7.0/toolchain/avr8/avr8-gnu-toolchain/bin/../lib/gcc/avr/5.4.0/../../../../avr/lib/avr6\libm.a(fp_round.o)
                0x00005c34                __fp_round
 .text.avr-libc.fplib
                0x00005c56        0x4 c:/program files (x86)/atmel/studio/7.0/toolchain/avr8/avr8-gnu-toolchain/bin/../lib/gcc/avr/5.4.0/../../../../avr/lib/avr6\libm.a(mulsf3.o)
                0x00005c56                __mulsf3
 .text.avr-libc.fplib
                0x00005c5a       0xc8 c:/program files (x86)/atmel/studio/7.0/toolchain/avr8/avr8-gnu-toolchain/bin/../lib/gcc/avr/5.4.0/../../../../avr/lib/avr6\libm.a(mulsf3x.o)
                0x00005c70                __mulsf3x
                0x00005c76                __mulsf3_pse
 .text.libgcc.div
                0x00005d22       0x44 c:/program files (x86)/atmel/studio/7.0/toolchain/avr8/avr8-gnu-toolchain/bin/../lib/gcc/avr/5.4.0/avr6\libgcc.a(_udivmodsi4.o)
                0x00005d22                __udivmodsi4
 .text.libgcc   0x00005d66       0x10 c:/program files (x86)/atmel/studio/7.0/toolchain/avr8/avr8-gnu-toolchain/bin/../lib/gcc/avr/5.4.0/avr6\libgcc.a(_tablejump2.o)
                0x00005d66                __tablejump2__
 .text.avr-libc
                0x00005d76      0x242 c:/program files (x86)/atmel/studio/7.0/toolchain/avr8/avr8-gnu-toolchain/bin/../lib/gcc/avr/5.4.0/../../../../avr/lib/avr6\libc.a(malloc.o)
                0x00005d76                malloc
                0x00005ea6                free
 .text.avr-libc
                0x00005fb8        0x8 c:/program files (x86)/atmel/studio/7.0/toolchain/avr8/avr8-gnu-toolchain/bin/../lib/gcc/avr/5.4.0/../../../../avr/lib/avr6\libc.a(abort.o)
                0x00005fb8                abort
 .text.avr-libc
                0x00005fc0       0x12 c:/program files (x86)/atmel/studio/7.0/toolchain/avr8/avr8-gnu-toolchain/bin/../lib/gcc/avr/5.4.0/../../../../avr/lib/avr6\libc.a(memcpy.o)
                0x00005fc0                memcpy
 .text.avr-libc
                0x00005fd2        0xe c:/program files (x86)/atmel/studio/7.0/toolchain/avr8/avr8-gnu-toolchain/bin/../lib/gcc/avr/5.4.0/../../../../avr/lib/avr6\libc.a(memset.o)
                0x00005fd2                memset
 .text.avr-libc
                0x00005fe0       0x4a c:/program files (x86)/atmel/studio/7.0/toolchain/avr8/avr8-gnu-toolchain/bin/../lib/gcc/avr/5.4.0/../../../../avr/lib/avr6\libc.a(strcasestr.o)
                0x00005fe0                strcasestr
 .text.avr-libc
                0x0000602a       0x16 c:/program files (x86)/atmel/studio/7.0/toolchain/avr8/avr8-gnu-toolchain/bin/../lib/gcc/avr/5.4.0/../../../../avr/lib/avr6\libc.a(strcat.o)
                0x0000602a                strcat
 .text.avr-libc
                0x00006040        0xe c:/program files (x86)/atmel/studio/7.0/toolchain/avr8/avr8-gnu-toolchain/bin/../lib/gcc/avr/5.4.0/../../../../avr/lib/avr6\libc.a(strcpy.o)
                0x00006040                strcpy
 .text.avr-libc
                0x0000604e       0x30 c:/program files (x86)/atmel/studio/7.0/toolchain/avr8/avr8-gnu-toolchain/bin/../lib/gcc/avr/5.4.0/../../../../avr/lib/avr6\libc.a(strncasecmp.o)
                0x0000604e                strncasecmp
 .text.avr-libc
                0x0000607e       0x26 c:/program files (x86)/atmel/studio/7.0/toolchain/avr8/avr8-gnu-toolchain/bin/../lib/gcc/avr/5.4.0/../../../../avr/lib/avr6\libc.a(printf.o)
                0x0000607e                printf
 .text.avr-libc
                0x000060a4       0x60 c:/program files (x86)/atmel/studio/7.0/toolchain/avr8/avr8-gnu-toolchain/bin/../lib/gcc/avr/5.4.0/../../../../avr/lib/avr6\libc.a(puts.o)
                0x000060a4                puts
 .text.avr-libc
                0x00006104       0x5c c:/program files (x86)/atmel/studio/7.0/toolchain/avr8/avr8-gnu-toolchain/bin/../lib/gcc/avr/5.4.0/../../../../avr/lib/avr6\libc.a(sprintf.o)
                0x00006104                sprintf
 .text.avr-libc
                0x00006160      0x3fa c:/program files (x86)/atmel/studio/7.0/toolchain/avr8/avr8-gnu-toolchain/bin/../lib/gcc/avr/5.4.0/../../../../avr/lib/avr6\libc.a(vfprintf_std.o)
                0x00006160                vfprintf
 .text.avr-libc
                0x0000655a       0x16 c:/program files (x86)/atmel/studio/7.0/toolchain/avr8/avr8-gnu-toolchain/bin/../lib/gcc/avr/5.4.0/../../../../avr/lib/avr6\libc.a(strnlen_P.o)
                0x0000655a                strnlen_P
 .text.avr-libc
                0x00006570       0x16 c:/program files (x86)/atmel/studio/7.0/toolchain/avr8/avr8-gnu-toolchain/bin/../lib/gcc/avr/5.4.0/../../../../avr/lib/avr6\libc.a(strnlen.o)
                0x00006570                strnlen
 .text.avr-libc
                0x00006586       0x78 c:/program files (x86)/atmel/studio/7.0/toolchain/avr8/avr8-gnu-toolchain/bin/../lib/gcc/avr/5.4.0/../../../../avr/lib/avr6\libc.a(fputc.o)
                0x00006586                fputc
 .text.avr-libc
                0x000065fe       0xbc c:/program files (x86)/atmel/studio/7.0/toolchain/avr8/avr8-gnu-toolchain/bin/../lib/gcc/avr/5.4.0/../../../../avr/lib/avr6\libc.a(ultoa_invert.o)
                0x000065fe                __ultoa_invert
                0x000066ba                . = ALIGN (0x2)
 *(.fini9)
 .fini9         0x000066ba        0x0 c:/program files (x86)/atmel/studio/7.0/toolchain/avr8/avr8-gnu-toolchain/bin/../lib/gcc/avr/5.4.0/avr6\libgcc.a(_exit.o)
                0x000066ba                _exit
                0x000066ba                exit
 *(.fini9)
 *(.fini8)
 *(.fini8)
 *(.fini7)
 *(.fini7)
 *(.fini6)
 *(.fini6)
 *(.fini5)
 *(.fini5)
 *(.fini4)
 *(.fini4)
 *(.fini3)
 *(.fini3)
 *(.fini2)
 *(.fini2)
 *(.fini1)
 *(.fini1)
 *(.fini0)
 .fini0         0x000066ba        0x4 c:/program files (x86)/atmel/studio/7.0/toolchain/avr8/avr8-gnu-toolchain/bin/../lib/gcc/avr/5.4.0/avr6\libgcc.a(_exit.o)
 *(.fini0)
                0x000066be                _etext = .

.data           0x00800200      0x69a load address 0x000066be
                0x00800200                PROVIDE (__data_start, .)
 *(.data)
 .data          0x00800200        0x6 c:/program files (x86)/atmel/studio/7.0/toolchain/avr8/avr8-gnu-toolchain/bin/../lib/gcc/avr/5.4.0/../../../../avr/lib/avr6\libc.a(malloc.o)
                0x00800200                __malloc_heap_end
                0x00800202                __malloc_heap_start
                0x00800204                __malloc_margin
 *(.data*)
 .data.uxTopUsedPriority
                0x00800206        0x1 FreeRTOS/src/tasks.o
                0x00800206                uxTopUsedPriority
 .data._temp    0x00800207        0x2 ../drivers\libIotLibrary.a(hih8120.o)
 .data._hum     0x00800209        0x2 ../drivers\libIotLibrary.a(hih8120.o)
 .data._com_port_2_udr
                0x0080020b        0x8 ../drivers\libIotLibrary.a(serial.o)
                0x0080020b                _com_port_2_udr
 .data.mystdout.1882
                0x00800213        0xe ../drivers\libIotLibrary.a(stdio_driver.o)
 .data._twiCurrentState
                0x00800221        0x1 ../drivers\libIotLibrary.a(twi.o)
 *(.gnu.linkonce.d*)
 *(.rodata)
 .rodata        0x00800222       0x20 ../drivers\libIotLibrary.a(lora_driver.o)
 .rodata        0x00800242       0x2d ../drivers\libIotLibrary.a(mh_z19.o)
 *(.rodata*)
 .rodata.str1.1
                0x0080026f        0x5 FreeRTOS/src/tasks.o
 .rodata.str1.1
                0x00800274        0x8 FreeRTOS/src/timers.o
 .rodata.str1.1
                0x0080027c        0x8 Source/tasks/Application.o
 .rodata.str1.1
                0x00800284       0x44 Source/tasks/co2.o
 .rodata.str1.1
                0x008002c8       0x44 Source/tasks/LoRaWANDownlinkHandler.o
 .rodata.str1.1
                0x0080030c      0x163 Source/tasks/LoRaWANHandlerUplink.o
 .rodata.str1.1
                0x0080046f       0x42 Source/tasks/SensorDataSharePackage.o
 .rodata.str1.1
                0x008004b1       0x32 Source/tasks/servo.o
 .rodata.str1.1
                0x008004e3       0xd8 Source/tasks/tempHumid.o
 .rodata.str1.1
                0x008005bb       0x12 main.o
 .rodata.str1.1
                0x008005cd      0x295 ../drivers\libIotLibrary.a(lora_driver.o)
                                0x2a5 (size before relaxing)
 .rodata._joinMode
                0x00800862        0x4 ../drivers\libIotLibrary.a(lora_driver.o)
 .rodata._returnCode
                0x00800866       0x33 ../drivers\libIotLibrary.a(lora_driver.o)
                0x00800866                _returnCode
 *(.gnu.linkonce.r*)
                0x0080089a                . = ALIGN (0x2)
 *fill*         0x00800899        0x1 
                0x0080089a                _edata = .
                0x0080089a                PROVIDE (__data_end, .)

.bss            0x0080089a     0x103a
                0x0080089a                PROVIDE (__bss_start, .)
 *(.bss)
 *(.bss*)
 .bss.xBlockAllocatedBit
                0x0080089a        0x2 FreeRTOS/src/heap_4.o
 .bss.xNumberOfSuccessfulFrees
                0x0080089c        0x2 FreeRTOS/src/heap_4.o
 .bss.xNumberOfSuccessfulAllocations
                0x0080089e        0x2 FreeRTOS/src/heap_4.o
 .bss.xMinimumEverFreeBytesRemaining
                0x008008a0        0x2 FreeRTOS/src/heap_4.o
 .bss.xFreeBytesRemaining
                0x008008a2        0x2 FreeRTOS/src/heap_4.o
 .bss.pxEnd     0x008008a4        0x2 FreeRTOS/src/heap_4.o
 .bss.xStart    0x008008a6        0x4 FreeRTOS/src/heap_4.o
 .bss.ucHeap    0x008008aa      0xdac FreeRTOS/src/heap_4.o
 .bss.uxSchedulerSuspended
                0x00801656        0x1 FreeRTOS/src/tasks.o
 .bss.xIdleTaskHandle
                0x00801657        0x2 FreeRTOS/src/tasks.o
 .bss.xNextTaskUnblockTime
                0x00801659        0x4 FreeRTOS/src/tasks.o
 .bss.uxTaskNumber
                0x0080165d        0x1 FreeRTOS/src/tasks.o
 .bss.xNumOfOverflows
                0x0080165e        0x1 FreeRTOS/src/tasks.o
 .bss.xYieldPending
                0x0080165f        0x1 FreeRTOS/src/tasks.o
 .bss.xPendedTicks
                0x00801660        0x4 FreeRTOS/src/tasks.o
 .bss.xSchedulerRunning
                0x00801664        0x1 FreeRTOS/src/tasks.o
 .bss.uxTopReadyPriority
                0x00801665        0x1 FreeRTOS/src/tasks.o
 .bss.xTickCount
                0x00801666        0x4 FreeRTOS/src/tasks.o
 .bss.uxCurrentNumberOfTasks
                0x0080166a        0x1 FreeRTOS/src/tasks.o
 .bss.xSuspendedTaskList
                0x0080166b        0xb FreeRTOS/src/tasks.o
 .bss.uxDeletedTasksWaitingCleanUp
                0x00801676        0x1 FreeRTOS/src/tasks.o
 .bss.xTasksWaitingTermination
                0x00801677        0xb FreeRTOS/src/tasks.o
 .bss.xPendingReadyList
                0x00801682        0xb FreeRTOS/src/tasks.o
 .bss.pxOverflowDelayedTaskList
                0x0080168d        0x2 FreeRTOS/src/tasks.o
 .bss.pxDelayedTaskList
                0x0080168f        0x2 FreeRTOS/src/tasks.o
 .bss.xDelayedTaskList2
                0x00801691        0xb FreeRTOS/src/tasks.o
 .bss.xDelayedTaskList1
                0x0080169c        0xb FreeRTOS/src/tasks.o
 .bss.pxReadyTasksLists
                0x008016a7       0x6e FreeRTOS/src/tasks.o
 .bss.pxCurrentTCB
                0x00801715        0x2 FreeRTOS/src/tasks.o
                0x00801715                pxCurrentTCB
 .bss.xLastTime.2436
                0x00801717        0x4 FreeRTOS/src/timers.o
 .bss.xTimerTaskHandle
                0x0080171b        0x2 FreeRTOS/src/timers.o
 .bss.xTimerQueue
                0x0080171d        0x2 FreeRTOS/src/timers.o
 .bss.pxOverflowTimerList
                0x0080171f        0x2 FreeRTOS/src/timers.o
 .bss.pxCurrentTimerList
                0x00801721        0x2 FreeRTOS/src/timers.o
 .bss.xActiveTimerList2
                0x00801723        0xb FreeRTOS/src/timers.o
 .bss.xActiveTimerList1
                0x0080172e        0xb FreeRTOS/src/timers.o
 .bss.humidity_data
                0x00801739        0x2 Source/tasks/tempHumid.o
                0x00801739                humidity_data
 .bss.temperature_data
                0x0080173b        0x2 Source/tasks/tempHumid.o
                0x0080173b                temperature_data
 .bss._measuringIsReady
                0x0080173d        0x1 ../drivers\libIotLibrary.a(hih8120.o)
 .bss._hih8120Handler
                0x0080173e        0x2 ../drivers\libIotLibrary.a(hih8120.o)
 .bss._tmp_buf.2871
                0x00801740       0x37 ../drivers\libIotLibrary.a(lora_driver.o)
 .bss.rec_buf_inp.2878
                0x00801777        0x1 ../drivers\libIotLibrary.a(lora_driver.o)
 .bss._downlinkMessageBuffer
                0x00801778        0x2 ../drivers\libIotLibrary.a(lora_driver.o)
 .bss._serialReplyBufferHandle
                0x0080177a        0x2 ../drivers\libIotLibrary.a(lora_driver.o)
 .bss._rn2483_serial
                0x0080177c        0x2 ../drivers\libIotLibrary.a(lora_driver.o)
 .bss._downlinkPayload
                0x0080177e       0x16 ../drivers\libIotLibrary.a(lora_driver.o)
 .bss._payLoadHexBytes
                0x00801794       0x15 ../drivers\libIotLibrary.a(lora_driver.o)
 .bss._recMessageBuf
                0x008017a9       0x2d ../drivers\libIotLibrary.a(lora_driver.o)
 .bss._sendMessage
                0x008017d6       0x2d ../drivers\libIotLibrary.a(lora_driver.o)
 .bss._replyMess
                0x00801803       0x2d ../drivers\libIotLibrary.a(lora_driver.o)
 .bss.data.1944
                0x00801830        0x2 ../drivers\libIotLibrary.a(mh_z19.o)
 .bss.inDex.1943
                0x00801832        0x1 ../drivers\libIotLibrary.a(mh_z19.o)
 .bss.crc_sum.1945
                0x00801833        0x1 ../drivers\libIotLibrary.a(mh_z19.o)
 .bss._appCallBack
                0x00801834        0x2 ../drivers\libIotLibrary.a(mh_z19.o)
 .bss._mh_state
                0x00801836        0x1 ../drivers\libIotLibrary.a(mh_z19.o)
                0x00801836                _mh_state
 .bss._ppm      0x00801837        0x2 ../drivers\libIotLibrary.a(mh_z19.o)
 .bss._serial   0x00801839        0x2 ../drivers\libIotLibrary.a(mh_z19.o)
 .bss._ser_handle
                0x0080183b        0x8 ../drivers\libIotLibrary.a(serial.o)
 .bss._com_serial_instance
                0x00801843        0x2 ../drivers\libIotLibrary.a(stdio_driver.o)
 .bss._led_status
                0x00801845       0x18 ../drivers\libIotLibrary.a(status_leds.o)
 .bss._index.1885
                0x0080185d        0x1 ../drivers\libIotLibrary.a(twi.o)
 .bss._twiCurrentHandler
                0x0080185e        0x2 ../drivers\libIotLibrary.a(twi.o)
 .bss._twiMessageLen
                0x00801860        0x1 ../drivers\libIotLibrary.a(twi.o)
 .bss._twiMessageBuffer
                0x00801861        0xa ../drivers\libIotLibrary.a(twi.o)
 .bss._twiIsInitiated
                0x0080186b        0x1 ../drivers\libIotLibrary.a(twi.o)
 *(COMMON)
 COMMON         0x0080186c       0x24 Source/tasks/Application.o
                0x0080186c                dataSensorQueue
                0x0080186e                downlinkMessageBuffer
                0x00801870                servoSemaphore
                0x00801872                measureEventGroup
                0x00801874                temperatureAndHumiditySemaphore
                0x00801876                payload
                0x0080188c                dataConfigurationGroup
                0x0080188e                uplinkMessageBuffer
 COMMON         0x00801890        0x3 Source/tasks/co2.o
                0x00801890                rc
                0x00801891                co2_data
 COMMON         0x00801893       0x16 Source/tasks/LoRaWANDownlinkHandler.o
                0x00801893                downlink_payload
 COMMON         0x008018a9        0x3 Source/tasks/Organization.o
                0x008018a9                servoLevel
                0x008018aa                organizeSemaphore
 COMMON         0x008018ac       0x1e Source/tasks/SensorDataSharePackage.o
                0x008018ac                temperature_value
                0x008018ae                uplink_payload
                0x008018c4                servo_actuator
                0x008018c5                co2_value
                0x008018c7                humidity_value
                0x008018c9                dataSharePackage_lenght
 COMMON         0x008018ca        0x4 c:/program files (x86)/atmel/studio/7.0/toolchain/avr8/avr8-gnu-toolchain/bin/../lib/gcc/avr/5.4.0/../../../../avr/lib/avr6\libc.a(malloc.o)
                0x008018ca                __brkval
                0x008018cc                __flp
 COMMON         0x008018ce        0x6 c:/program files (x86)/atmel/studio/7.0/toolchain/avr8/avr8-gnu-toolchain/bin/../lib/gcc/avr/5.4.0/../../../../avr/lib/avr6\libc.a(iob.o)
                0x008018ce                __iob
                0x008018d4                PROVIDE (__bss_end, .)
                0x000066be                __data_load_start = LOADADDR (.data)
                0x00006d58                __data_load_end = (__data_load_start + SIZEOF (.data))

.noinit         0x008018d4        0x0
                [!provide]                PROVIDE (__noinit_start, .)
 *(.noinit*)
                [!provide]                PROVIDE (__noinit_end, .)
                0x008018d4                _end = .
                0x008018d4                PROVIDE (__heap_start, .)

.eeprom         0x00810000        0x0
 *(.eeprom*)
                0x00810000                __eeprom_end = .

.fuse
 *(.fuse)
 *(.lfuse)
 *(.hfuse)
 *(.efuse)

.lock
 *(.lock*)

.signature
 *(.signature*)

.user_signatures
 *(.user_signatures*)

.stab
 *(.stab)

.stabstr
 *(.stabstr)

.stab.excl
 *(.stab.excl)

.stab.exclstr
 *(.stab.exclstr)

.stab.index
 *(.stab.index)

.stab.indexstr
 *(.stab.indexstr)

.comment        0x00000000       0x5c
 *(.comment)
 .comment       0x00000000       0x30 FreeRTOS/src/event_groups.o
                                 0x31 (size before relaxing)
 .comment       0x00000030       0x31 FreeRTOS/src/heap_4.o
 .comment       0x00000030       0x31 FreeRTOS/src/list.o
 .comment       0x00000030       0x31 FreeRTOS/src/port.o
 .comment       0x00000030       0x31 FreeRTOS/src/queue.o
 .comment       0x00000030       0x31 FreeRTOS/src/stream_buffer.o
 .comment       0x00000030       0x31 FreeRTOS/src/tasks.o
 .comment       0x00000030       0x31 FreeRTOS/src/timers.o
 .comment       0x00000030       0x31 FreeRTOS/src/variantHooks.o
 .comment       0x00000030       0x31 Source/tasks/Application.o
 .comment       0x00000030       0x31 Source/tasks/co2.o
 .comment       0x00000030       0x31 Source/tasks/Initializers.o
 .comment       0x00000030       0x31 Source/tasks/LoRaWANDownlinkHandler.o
 .comment       0x00000030       0x31 Source/tasks/LoRaWANHandlerUplink.o
 .comment       0x00000030       0x31 Source/tasks/Organization.o
 .comment       0x00000030       0x31 Source/tasks/SensorDataSharePackage.o
 .comment       0x00000030       0x31 Source/tasks/servo.o
 .comment       0x00000030       0x31 Source/tasks/tempHumid.o
 .comment       0x00000030       0x31 main.o
 .comment       0x00000030       0x31 ../drivers\libIotLibrary.a(hih8120.o)
 .comment       0x00000030       0x31 ../drivers\libIotLibrary.a(lora_driver.o)
 .comment       0x00000030       0x31 ../drivers\libIotLibrary.a(lora_driver_utils.o)
 .comment       0x00000030       0x31 ../drivers\libIotLibrary.a(mh_z19.o)
 .comment       0x00000030       0x31 ../drivers\libIotLibrary.a(rc_servo.o)
 .comment       0x00000030       0x31 ../drivers\libIotLibrary.a(serial.o)
 .comment       0x00000030       0x31 ../drivers\libIotLibrary.a(stdio_driver.o)
 .comment       0x00000030       0x31 ../drivers\libIotLibrary.a(status_leds.o)
 .comment       0x00000030       0x31 ../drivers\libIotLibrary.a(twi.o)
 .comment       0x00000030       0x31 ../drivers\libIotLibrary.a(fifo.o)
 .comment       0x00000030       0x31 c:/program files (x86)/atmel/studio/7.0/toolchain/avr8/avr8-gnu-toolchain/bin/../lib/gcc/avr/5.4.0/../../../../avr/lib/avr6\libc.a(malloc.o)
 .comment       0x00000030       0x31 c:/program files (x86)/atmel/studio/7.0/toolchain/avr8/avr8-gnu-toolchain/bin/../lib/gcc/avr/5.4.0/../../../../avr/lib/avr6\libc.a(iob.o)
 .comment       0x00000030       0x31 c:/program files (x86)/atmel/studio/7.0/toolchain/avr8/avr8-gnu-toolchain/bin/../lib/gcc/avr/5.4.0/../../../../avr/lib/avr6\libc.a(printf.o)
 .comment       0x00000030       0x31 c:/program files (x86)/atmel/studio/7.0/toolchain/avr8/avr8-gnu-toolchain/bin/../lib/gcc/avr/5.4.0/../../../../avr/lib/avr6\libc.a(puts.o)
 .comment       0x00000030       0x31 c:/program files (x86)/atmel/studio/7.0/toolchain/avr8/avr8-gnu-toolchain/bin/../lib/gcc/avr/5.4.0/../../../../avr/lib/avr6\libc.a(sprintf.o)
 .comment       0x00000030       0x2c c:/program files (x86)/atmel/studio/7.0/toolchain/avr8/avr8-gnu-toolchain/bin/../lib/gcc/avr/5.4.0/../../../../avr/lib/avr6\libc.a(vfprintf_std.o)
                                 0x2d (size before relaxing)
 .comment       0x0000005c       0x31 c:/program files (x86)/atmel/studio/7.0/toolchain/avr8/avr8-gnu-toolchain/bin/../lib/gcc/avr/5.4.0/../../../../avr/lib/avr6\libc.a(fputc.o)

.note.gnu.avr.deviceinfo
                0x00000000       0x40
 .note.gnu.avr.deviceinfo
                0x00000000       0x40 C:/Program Files (x86)/Atmel/Studio/7.0/Packs/atmel/ATmega_DFP/1.6.364/gcc/dev/atmega2560/avr6/crtatmega2560.o

.note.gnu.build-id
 *(.note.gnu.build-id)

.debug
 *(.debug)

.line
 *(.line)

.debug_srcinfo
 *(.debug_srcinfo)

.debug_sfnames
 *(.debug_sfnames)

.debug_aranges  0x00000000      0xbf0
 *(.debug_aranges)
 .debug_aranges
                0x00000000       0x68 FreeRTOS/src/event_groups.o
 .debug_aranges
                0x00000068       0x58 FreeRTOS/src/heap_4.o
 .debug_aranges
                0x000000c0       0x40 FreeRTOS/src/list.o
 .debug_aranges
                0x00000100       0x58 FreeRTOS/src/port.o
 .debug_aranges
                0x00000158       0xf8 FreeRTOS/src/queue.o
 .debug_aranges
                0x00000250       0xc0 FreeRTOS/src/stream_buffer.o
 .debug_aranges
                0x00000310      0x1d0 FreeRTOS/src/tasks.o
 .debug_aranges
                0x000004e0       0xc8 FreeRTOS/src/timers.o
 .debug_aranges
                0x000005a8       0x40 FreeRTOS/src/variantHooks.o
 .debug_aranges
                0x000005e8       0x28 Source/tasks/Application.o
 .debug_aranges
                0x00000610       0x48 Source/tasks/co2.o
 .debug_aranges
                0x00000658       0x40 Source/tasks/Initializers.o
 .debug_aranges
                0x00000698       0x28 Source/tasks/LoRaWANDownlinkHandler.o
 .debug_aranges
                0x000006c0       0x30 Source/tasks/LoRaWANHandlerUplink.o
 .debug_aranges
                0x000006f0       0x30 Source/tasks/Organization.o
 .debug_aranges
                0x00000720       0x40 Source/tasks/SensorDataSharePackage.o
 .debug_aranges
                0x00000760       0x28 Source/tasks/servo.o
 .debug_aranges
                0x00000788       0x48 Source/tasks/tempHumid.o
 .debug_aranges
                0x000007d0       0x38 main.o
 .debug_aranges
                0x00000808       0x68 ../drivers\libIotLibrary.a(hih8120.o)
 .debug_aranges
                0x00000870      0x138 ../drivers\libIotLibrary.a(lora_driver.o)
 .debug_aranges
                0x000009a8       0x28 ../drivers\libIotLibrary.a(lora_driver_utils.o)
 .debug_aranges
                0x000009d0       0x58 ../drivers\libIotLibrary.a(mh_z19.o)
 .debug_aranges
                0x00000a28       0x28 ../drivers\libIotLibrary.a(rc_servo.o)
 .debug_aranges
                0x00000a50       0x90 ../drivers\libIotLibrary.a(serial.o)
 .debug_aranges
                0x00000ae0       0x38 ../drivers\libIotLibrary.a(stdio_driver.o)
 .debug_aranges
                0x00000b18       0x68 ../drivers\libIotLibrary.a(status_leds.o)
 .debug_aranges
                0x00000b80       0x50 ../drivers\libIotLibrary.a(twi.o)
 .debug_aranges
                0x00000bd0       0x20 ../drivers\libIotLibrary.a(fifo.o)

.debug_pubnames
 *(.debug_pubnames)

.debug_info     0x00000000     0xe920
 *(.debug_info .gnu.linkonce.wi.*)
 .debug_info    0x00000000      0xbbc C:/Program Files (x86)/Atmel/Studio/7.0/Packs/atmel/ATmega_DFP/1.6.364/gcc/dev/atmega2560/avr6/crtatmega2560.o
 .debug_info    0x00000bbc      0x971 FreeRTOS/src/event_groups.o
 .debug_info    0x0000152d      0x4e6 FreeRTOS/src/heap_4.o
 .debug_info    0x00001a13      0x2e7 FreeRTOS/src/list.o
 .debug_info    0x00001cfa      0x2ff FreeRTOS/src/port.o
 .debug_info    0x00001ff9     0x17e6 FreeRTOS/src/queue.o
 .debug_info    0x000037df     0x13df FreeRTOS/src/stream_buffer.o
 .debug_info    0x00004bbe     0x2239 FreeRTOS/src/tasks.o
 .debug_info    0x00006df7     0x10dd FreeRTOS/src/timers.o
 .debug_info    0x00007ed4      0x20f FreeRTOS/src/variantHooks.o
 .debug_info    0x000080e3      0x4b9 Source/tasks/Application.o
 .debug_info    0x0000859c      0x461 Source/tasks/co2.o
 .debug_info    0x000089fd      0x33f Source/tasks/Initializers.o
 .debug_info    0x00008d3c      0x380 Source/tasks/LoRaWANDownlinkHandler.o
 .debug_info    0x000090bc      0x895 Source/tasks/LoRaWANHandlerUplink.o
 .debug_info    0x00009951      0x25d Source/tasks/Organization.o
 .debug_info    0x00009bae      0x262 Source/tasks/SensorDataSharePackage.o
 .debug_info    0x00009e10      0x2cf Source/tasks/servo.o
 .debug_info    0x0000a0df      0x46d Source/tasks/tempHumid.o
 .debug_info    0x0000a54c      0x3a8 main.o
 .debug_info    0x0000a8f4      0x3a9 ../drivers\libIotLibrary.a(hih8120.o)
 .debug_info    0x0000ac9d     0x1747 ../drivers\libIotLibrary.a(lora_driver.o)
 .debug_info    0x0000c3e4      0x143 ../drivers\libIotLibrary.a(lora_driver_utils.o)
 .debug_info    0x0000c527      0x556 ../drivers\libIotLibrary.a(mh_z19.o)
 .debug_info    0x0000ca7d      0x10f ../drivers\libIotLibrary.a(rc_servo.o)
 .debug_info    0x0000cb8c      0xd9c ../drivers\libIotLibrary.a(serial.o)
 .debug_info    0x0000d928      0x3b6 ../drivers\libIotLibrary.a(stdio_driver.o)
 .debug_info    0x0000dcde      0x522 ../drivers\libIotLibrary.a(status_leds.o)
 .debug_info    0x0000e200      0x55d ../drivers\libIotLibrary.a(twi.o)
 .debug_info    0x0000e75d      0x1c3 ../drivers\libIotLibrary.a(fifo.o)

.debug_abbrev   0x00000000     0x3b05
 *(.debug_abbrev)
 .debug_abbrev  0x00000000      0xb1a C:/Program Files (x86)/Atmel/Studio/7.0/Packs/atmel/ATmega_DFP/1.6.364/gcc/dev/atmega2560/avr6/crtatmega2560.o
 .debug_abbrev  0x00000b1a      0x1dc FreeRTOS/src/event_groups.o
 .debug_abbrev  0x00000cf6      0x200 FreeRTOS/src/heap_4.o
 .debug_abbrev  0x00000ef6       0xff FreeRTOS/src/list.o
 .debug_abbrev  0x00000ff5      0x179 FreeRTOS/src/port.o
 .debug_abbrev  0x0000116e      0x241 FreeRTOS/src/queue.o
 .debug_abbrev  0x000013af      0x246 FreeRTOS/src/stream_buffer.o
 .debug_abbrev  0x000015f5      0x2c8 FreeRTOS/src/tasks.o
 .debug_abbrev  0x000018bd      0x28c FreeRTOS/src/timers.o
 .debug_abbrev  0x00001b49       0xff FreeRTOS/src/variantHooks.o
 .debug_abbrev  0x00001c48      0x176 Source/tasks/Application.o
 .debug_abbrev  0x00001dbe      0x17a Source/tasks/co2.o
 .debug_abbrev  0x00001f38       0xe6 Source/tasks/Initializers.o
 .debug_abbrev  0x0000201e      0x153 Source/tasks/LoRaWANDownlinkHandler.o
 .debug_abbrev  0x00002171      0x1ca Source/tasks/LoRaWANHandlerUplink.o
 .debug_abbrev  0x0000233b       0xed Source/tasks/Organization.o
 .debug_abbrev  0x00002428      0x109 Source/tasks/SensorDataSharePackage.o
 .debug_abbrev  0x00002531       0xfa Source/tasks/servo.o
 .debug_abbrev  0x0000262b      0x155 Source/tasks/tempHumid.o
 .debug_abbrev  0x00002780      0x134 main.o
 .debug_abbrev  0x000028b4      0x184 ../drivers\libIotLibrary.a(hih8120.o)
 .debug_abbrev  0x00002a38      0x33b ../drivers\libIotLibrary.a(lora_driver.o)
 .debug_abbrev  0x00002d73       0xc0 ../drivers\libIotLibrary.a(lora_driver_utils.o)
 .debug_abbrev  0x00002e33      0x238 ../drivers\libIotLibrary.a(mh_z19.o)
 .debug_abbrev  0x0000306b       0xbc ../drivers\libIotLibrary.a(rc_servo.o)
 .debug_abbrev  0x00003127      0x355 ../drivers\libIotLibrary.a(serial.o)
 .debug_abbrev  0x0000347c      0x1b3 ../drivers\libIotLibrary.a(stdio_driver.o)
 .debug_abbrev  0x0000362f      0x1d7 ../drivers\libIotLibrary.a(status_leds.o)
 .debug_abbrev  0x00003806      0x217 ../drivers\libIotLibrary.a(twi.o)
 .debug_abbrev  0x00003a1d       0xe8 ../drivers\libIotLibrary.a(fifo.o)

.debug_line     0x00000000     0x7440
 *(.debug_line .debug_line.* .debug_line_end)
 .debug_line    0x00000000      0x1fa C:/Program Files (x86)/Atmel/Studio/7.0/Packs/atmel/ATmega_DFP/1.6.364/gcc/dev/atmega2560/avr6/crtatmega2560.o
 .debug_line    0x000001fa      0x413 FreeRTOS/src/event_groups.o
 .debug_line    0x0000060d      0x41f FreeRTOS/src/heap_4.o
 .debug_line    0x00000a2c      0x1db FreeRTOS/src/list.o
 .debug_line    0x00000c07      0x28a FreeRTOS/src/port.o
 .debug_line    0x00000e91      0xbe3 FreeRTOS/src/queue.o
 .debug_line    0x00001a74      0x79a FreeRTOS/src/stream_buffer.o
 .debug_line    0x0000220e     0x15ba FreeRTOS/src/tasks.o
 .debug_line    0x000037c8      0x624 FreeRTOS/src/timers.o
 .debug_line    0x00003dec      0x1af FreeRTOS/src/variantHooks.o
 .debug_line    0x00003f9b      0x1f6 Source/tasks/Application.o
 .debug_line    0x00004191      0x224 Source/tasks/co2.o
 .debug_line    0x000043b5      0x23e Source/tasks/Initializers.o
 .debug_line    0x000045f3      0x1df Source/tasks/LoRaWANDownlinkHandler.o
 .debug_line    0x000047d2      0x2ac Source/tasks/LoRaWANHandlerUplink.o
 .debug_line    0x00004a7e      0x146 Source/tasks/Organization.o
 .debug_line    0x00004bc4      0x191 Source/tasks/SensorDataSharePackage.o
 .debug_line    0x00004d55      0x1b2 Source/tasks/servo.o
 .debug_line    0x00004f07      0x246 Source/tasks/tempHumid.o
 .debug_line    0x0000514d      0x227 main.o
 .debug_line    0x00005374      0x24a ../drivers\libIotLibrary.a(hih8120.o)
 .debug_line    0x000055be      0x9aa ../drivers\libIotLibrary.a(lora_driver.o)
 .debug_line    0x00005f68      0x195 ../drivers\libIotLibrary.a(lora_driver_utils.o)
 .debug_line    0x000060fd      0x2fc ../drivers\libIotLibrary.a(mh_z19.o)
 .debug_line    0x000063f9       0xfd ../drivers\libIotLibrary.a(rc_servo.o)
 .debug_line    0x000064f6      0x6a1 ../drivers\libIotLibrary.a(serial.o)
 .debug_line    0x00006b97      0x146 ../drivers\libIotLibrary.a(stdio_driver.o)
 .debug_line    0x00006cdd      0x32c ../drivers\libIotLibrary.a(status_leds.o)
 .debug_line    0x00007009      0x31c ../drivers\libIotLibrary.a(twi.o)
 .debug_line    0x00007325      0x11b ../drivers\libIotLibrary.a(fifo.o)

.debug_frame    0x00000000     0x28e8
 *(.debug_frame)
 .debug_frame   0x00000000      0x1dc FreeRTOS/src/event_groups.o
 .debug_frame   0x000001dc       0xfc FreeRTOS/src/heap_4.o
 .debug_frame   0x000002d8       0x90 FreeRTOS/src/list.o
 .debug_frame   0x00000368       0x94 FreeRTOS/src/port.o
 .debug_frame   0x000003fc      0x3a4 FreeRTOS/src/queue.o
 .debug_frame   0x000007a0      0x40c FreeRTOS/src/stream_buffer.o
 .debug_frame   0x00000bac      0x7a0 FreeRTOS/src/tasks.o
 .debug_frame   0x0000134c      0x3ac FreeRTOS/src/timers.o
 .debug_frame   0x000016f8       0x64 FreeRTOS/src/variantHooks.o
 .debug_frame   0x0000175c       0x54 Source/tasks/Application.o
 .debug_frame   0x000017b0       0xa0 Source/tasks/co2.o
 .debug_frame   0x00001850       0x74 Source/tasks/Initializers.o
 .debug_frame   0x000018c4       0x5c Source/tasks/LoRaWANDownlinkHandler.o
 .debug_frame   0x00001920       0x80 Source/tasks/LoRaWANHandlerUplink.o
 .debug_frame   0x000019a0       0x60 Source/tasks/Organization.o
 .debug_frame   0x00001a00       0xa8 Source/tasks/SensorDataSharePackage.o
 .debug_frame   0x00001aa8       0x50 Source/tasks/servo.o
 .debug_frame   0x00001af8       0xac Source/tasks/tempHumid.o
 .debug_frame   0x00001ba4       0x54 main.o
 .debug_frame   0x00001bf8       0xc0 ../drivers\libIotLibrary.a(hih8120.o)
 .debug_frame   0x00001cb8      0x460 ../drivers\libIotLibrary.a(lora_driver.o)
 .debug_frame   0x00002118       0x48 ../drivers\libIotLibrary.a(lora_driver_utils.o)
 .debug_frame   0x00002160      0x100 ../drivers\libIotLibrary.a(mh_z19.o)
 .debug_frame   0x00002260       0x34 ../drivers\libIotLibrary.a(rc_servo.o)
 .debug_frame   0x00002294      0x384 ../drivers\libIotLibrary.a(serial.o)
 .debug_frame   0x00002618       0x94 ../drivers\libIotLibrary.a(stdio_driver.o)
 .debug_frame   0x000026ac       0xec ../drivers\libIotLibrary.a(status_leds.o)
 .debug_frame   0x00002798      0x12c ../drivers\libIotLibrary.a(twi.o)
 .debug_frame   0x000028c4       0x24 ../drivers\libIotLibrary.a(fifo.o)

.debug_str      0x00000000     0x44fa
 *(.debug_str)
 .debug_str     0x00000000      0x3e6 C:/Program Files (x86)/Atmel/Studio/7.0/Packs/atmel/ATmega_DFP/1.6.364/gcc/dev/atmega2560/avr6/crtatmega2560.o
 .debug_str     0x000003e6      0x50b FreeRTOS/src/event_groups.o
                                0x58c (size before relaxing)
 .debug_str     0x000008f1      0x2ce FreeRTOS/src/heap_4.o
                                0x482 (size before relaxing)
 .debug_str     0x00000bbf       0x89 FreeRTOS/src/list.o
                                0x2be (size before relaxing)
 .debug_str     0x00000c48      0x15d FreeRTOS/src/port.o
                                0x2f3 (size before relaxing)
 .debug_str     0x00000da5      0x652 FreeRTOS/src/queue.o
                                0x932 (size before relaxing)
 .debug_str     0x000013f7      0x4ed FreeRTOS/src/stream_buffer.o
                                0x7bb (size before relaxing)
 .debug_str     0x000018e4      0x8c8 FreeRTOS/src/tasks.o
                                0xf53 (size before relaxing)
 .debug_str     0x000021ac      0x414 FreeRTOS/src/timers.o
                                0x829 (size before relaxing)
 .debug_str     0x000025c0       0x81 FreeRTOS/src/variantHooks.o
                                0x26a (size before relaxing)
 .debug_str     0x00002641      0x1f3 Source/tasks/Application.o
                                0x47d (size before relaxing)
 .debug_str     0x00002834      0x142 Source/tasks/co2.o
                                0x442 (size before relaxing)
 .debug_str     0x00002976       0xa7 Source/tasks/Initializers.o
                                0x388 (size before relaxing)
 .debug_str     0x00002a1d       0x93 Source/tasks/LoRaWANDownlinkHandler.o
                                0x3c3 (size before relaxing)
 .debug_str     0x00002ab0      0x431 Source/tasks/LoRaWANHandlerUplink.o
                                0x7a5 (size before relaxing)
 .debug_str     0x00002ee1       0x5c Source/tasks/Organization.o
                                0x266 (size before relaxing)
 .debug_str     0x00002f3d       0xbe Source/tasks/SensorDataSharePackage.o
                                0x30e (size before relaxing)
 .debug_str     0x00002ffb       0x5e Source/tasks/servo.o
                                0x332 (size before relaxing)
 .debug_str     0x00003059      0x13b Source/tasks/tempHumid.o
                                0x46c (size before relaxing)
 .debug_str     0x00003194       0x79 main.o
                                0x420 (size before relaxing)
 .debug_str     0x0000320d      0x303 ../drivers\libIotLibrary.a(hih8120.o)
                                0x45c (size before relaxing)
 .debug_str     0x00003510      0x68f ../drivers\libIotLibrary.a(lora_driver.o)
                                0xcdb (size before relaxing)
 .debug_str     0x00003b9f       0x4f ../drivers\libIotLibrary.a(lora_driver_utils.o)
                                0x206 (size before relaxing)
 .debug_str     0x00003bee      0x117 ../drivers\libIotLibrary.a(mh_z19.o)
                                0x489 (size before relaxing)
 .debug_str     0x00003d05       0x3c ../drivers\libIotLibrary.a(rc_servo.o)
                                0x1e2 (size before relaxing)
 .debug_str     0x00003d41      0x2e7 ../drivers\libIotLibrary.a(serial.o)
                                0x628 (size before relaxing)
 .debug_str     0x00004028       0xa6 ../drivers\libIotLibrary.a(stdio_driver.o)
                                0x37d (size before relaxing)
 .debug_str     0x000040ce      0x11b ../drivers\libIotLibrary.a(status_leds.o)
                                0x381 (size before relaxing)
 .debug_str     0x000041e9      0x2ef ../drivers\libIotLibrary.a(twi.o)
                                0x5b4 (size before relaxing)
 .debug_str     0x000044d8       0x22 ../drivers\libIotLibrary.a(fifo.o)
                                0x239 (size before relaxing)

.debug_loc      0x00000000     0xc526
 *(.debug_loc)
 .debug_loc     0x00000000      0xcc9 FreeRTOS/src/event_groups.o
 .debug_loc     0x00000cc9      0x4be FreeRTOS/src/heap_4.o
 .debug_loc     0x00001187      0x17d FreeRTOS/src/list.o
 .debug_loc     0x00001304       0xf6 FreeRTOS/src/port.o
 .debug_loc     0x000013fa     0x1abd FreeRTOS/src/queue.o
 .debug_loc     0x00002eb7     0x1daf FreeRTOS/src/stream_buffer.o
 .debug_loc     0x00004c66     0x2a07 FreeRTOS/src/tasks.o
 .debug_loc     0x0000766d     0x10f3 FreeRTOS/src/timers.o
 .debug_loc     0x00008760       0xdc FreeRTOS/src/variantHooks.o
 .debug_loc     0x0000883c       0xf3 Source/tasks/Application.o
 .debug_loc     0x0000892f      0x13e Source/tasks/co2.o
 .debug_loc     0x00008a6d       0x44 Source/tasks/Initializers.o
 .debug_loc     0x00008ab1       0xef Source/tasks/LoRaWANDownlinkHandler.o
 .debug_loc     0x00008ba0      0x175 Source/tasks/LoRaWANHandlerUplink.o
 .debug_loc     0x00008d15       0x9f Source/tasks/Organization.o
 .debug_loc     0x00008db4      0x15d Source/tasks/SensorDataSharePackage.o
 .debug_loc     0x00008f11       0x78 Source/tasks/servo.o
 .debug_loc     0x00008f89      0x12e Source/tasks/tempHumid.o
 .debug_loc     0x000090b7       0x9f ../drivers\libIotLibrary.a(hih8120.o)
 .debug_loc     0x00009156     0x1216 ../drivers\libIotLibrary.a(lora_driver.o)
 .debug_loc     0x0000a36c      0x1d2 ../drivers\libIotLibrary.a(lora_driver_utils.o)
 .debug_loc     0x0000a53e      0x37c ../drivers\libIotLibrary.a(mh_z19.o)
 .debug_loc     0x0000a8ba       0x2f ../drivers\libIotLibrary.a(rc_servo.o)
 .debug_loc     0x0000a8e9     0x114c ../drivers\libIotLibrary.a(serial.o)
 .debug_loc     0x0000ba35      0x18c ../drivers\libIotLibrary.a(stdio_driver.o)
 .debug_loc     0x0000bbc1      0x292 ../drivers\libIotLibrary.a(status_leds.o)
 .debug_loc     0x0000be53      0x575 ../drivers\libIotLibrary.a(twi.o)
 .debug_loc     0x0000c3c8      0x15e ../drivers\libIotLibrary.a(fifo.o)

.debug_macinfo
 *(.debug_macinfo)

.debug_weaknames
 *(.debug_weaknames)

.debug_funcnames
 *(.debug_funcnames)

.debug_typenames
 *(.debug_typenames)

.debug_varnames
 *(.debug_varnames)

.debug_pubtypes
 *(.debug_pubtypes)

.debug_ranges   0x00000000      0xaf0
 *(.debug_ranges)
 .debug_ranges  0x00000000       0x70 FreeRTOS/src/event_groups.o
 .debug_ranges  0x00000070       0x48 FreeRTOS/src/heap_4.o
 .debug_ranges  0x000000b8       0x30 FreeRTOS/src/list.o
 .debug_ranges  0x000000e8       0x48 FreeRTOS/src/port.o
 .debug_ranges  0x00000130      0x130 FreeRTOS/src/queue.o
 .debug_ranges  0x00000260       0xb0 FreeRTOS/src/stream_buffer.o
 .debug_ranges  0x00000310      0x200 FreeRTOS/src/tasks.o
 .debug_ranges  0x00000510       0xb8 FreeRTOS/src/timers.o
 .debug_ranges  0x000005c8       0x30 FreeRTOS/src/variantHooks.o
 .debug_ranges  0x000005f8       0x18 Source/tasks/Application.o
 .debug_ranges  0x00000610       0x38 Source/tasks/co2.o
 .debug_ranges  0x00000648       0x30 Source/tasks/Initializers.o
 .debug_ranges  0x00000678       0x18 Source/tasks/LoRaWANDownlinkHandler.o
 .debug_ranges  0x00000690       0x20 Source/tasks/LoRaWANHandlerUplink.o
 .debug_ranges  0x000006b0       0x20 Source/tasks/Organization.o
 .debug_ranges  0x000006d0       0x30 Source/tasks/SensorDataSharePackage.o
 .debug_ranges  0x00000700       0x18 Source/tasks/servo.o
 .debug_ranges  0x00000718       0x38 Source/tasks/tempHumid.o
 .debug_ranges  0x00000750       0x28 main.o
 .debug_ranges  0x00000778       0x58 ../drivers\libIotLibrary.a(hih8120.o)
 .debug_ranges  0x000007d0      0x128 ../drivers\libIotLibrary.a(lora_driver.o)
 .debug_ranges  0x000008f8       0x30 ../drivers\libIotLibrary.a(lora_driver_utils.o)
 .debug_ranges  0x00000928       0x48 ../drivers\libIotLibrary.a(mh_z19.o)
 .debug_ranges  0x00000970       0x18 ../drivers\libIotLibrary.a(rc_servo.o)
 .debug_ranges  0x00000988       0x98 ../drivers\libIotLibrary.a(serial.o)
 .debug_ranges  0x00000a20       0x28 ../drivers\libIotLibrary.a(stdio_driver.o)
 .debug_ranges  0x00000a48       0x58 ../drivers\libIotLibrary.a(status_leds.o)
 .debug_ranges  0x00000aa0       0x40 ../drivers\libIotLibrary.a(twi.o)
 .debug_ranges  0x00000ae0       0x10 ../drivers\libIotLibrary.a(fifo.o)

.debug_macro
 *(.debug_macro)
OUTPUT(SEP4-Group3.elf elf32-avr)
LOAD linker stubs
