Archive member included to satisfy reference by file (symbol)

c:/program files (x86)/atmel/studio/7.0/toolchain/avr8/avr8-gnu-toolchain/bin/../lib/gcc/avr/5.4.0/../../../../avr/lib/avr6\libm.a(fixunssfsi.o)
                              Source/tasks/tempHumid.o (__fixunssfsi)
c:/program files (x86)/atmel/studio/7.0/toolchain/avr8/avr8-gnu-toolchain/bin/../lib/gcc/avr/5.4.0/../../../../avr/lib/avr6\libm.a(floatsisf.o)
                              Source/tasks/tempHumid.o (__floatsisf)
c:/program files (x86)/atmel/studio/7.0/toolchain/avr8/avr8-gnu-toolchain/bin/../lib/gcc/avr/5.4.0/../../../../avr/lib/avr6\libm.a(fp_split3.o)
                              c:/program files (x86)/atmel/studio/7.0/toolchain/avr8/avr8-gnu-toolchain/bin/../lib/gcc/avr/5.4.0/../../../../avr/lib/avr6\libm.a(fixunssfsi.o) (__fp_splitA)
c:/program files (x86)/atmel/studio/7.0/toolchain/avr8/avr8-gnu-toolchain/bin/../lib/gcc/avr/5.4.0/../../../../avr/lib/avr6\libm.a(fp_zero.o)
                              c:/program files (x86)/atmel/studio/7.0/toolchain/avr8/avr8-gnu-toolchain/bin/../lib/gcc/avr/5.4.0/../../../../avr/lib/avr6\libm.a(fixunssfsi.o) (__fp_zero)
../drivers\libIotLibrary.a(hih8120.o)
                              Source/tasks/tempHumid.o (hih8120_initialise)
../drivers\libIotLibrary.a(lora_driver.o)
                              Source/tasks/LoRaWANHandlerUplink.o (lora_driver_flushBuffers)
../drivers\libIotLibrary.a(lora_driver_utils.o)
                              ../drivers\libIotLibrary.a(lora_driver.o) (decode_port_no)
../drivers\libIotLibrary.a(mh_z19.o)
                              Source/tasks/co2.o (mh_z19_initialise)
../drivers\libIotLibrary.a(rc_servo.o)
                              Source/tasks/servo.o (rc_servo_setPosition)
../drivers\libIotLibrary.a(serial.o)
                              ../drivers\libIotLibrary.a(lora_driver.o) (serial_create)
../drivers\libIotLibrary.a(stdio_driver.o)
                              main.o (stdio_initialise)
../drivers\libIotLibrary.a(status_leds.o)
                              Source/tasks/LoRaWANHandlerUplink.o (status_leds_slowBlink)
../drivers\libIotLibrary.a(twi.o)
                              ../drivers\libIotLibrary.a(hih8120.o) (twiCreate)
../drivers\libIotLibrary.a(fifo.o)
                              ../drivers\libIotLibrary.a(serial.o) (fifo_init)
c:/program files (x86)/atmel/studio/7.0/toolchain/avr8/avr8-gnu-toolchain/bin/../lib/gcc/avr/5.4.0/../../../../avr/lib/avr6\libm.a(addsf3.o)
                              ../drivers\libIotLibrary.a(hih8120.o) (__subsf3)
c:/program files (x86)/atmel/studio/7.0/toolchain/avr8/avr8-gnu-toolchain/bin/../lib/gcc/avr/5.4.0/../../../../avr/lib/avr6\libm.a(addsf3x.o)
                              c:/program files (x86)/atmel/studio/7.0/toolchain/avr8/avr8-gnu-toolchain/bin/../lib/gcc/avr/5.4.0/../../../../avr/lib/avr6\libm.a(addsf3.o) (__addsf3x)
c:/program files (x86)/atmel/studio/7.0/toolchain/avr8/avr8-gnu-toolchain/bin/../lib/gcc/avr/5.4.0/../../../../avr/lib/avr6\libm.a(divsf3.o)
                              ../drivers\libIotLibrary.a(hih8120.o) (__divsf3)
c:/program files (x86)/atmel/studio/7.0/toolchain/avr8/avr8-gnu-toolchain/bin/../lib/gcc/avr/5.4.0/../../../../avr/lib/avr6\libm.a(divsf3x.o)
                              c:/program files (x86)/atmel/studio/7.0/toolchain/avr8/avr8-gnu-toolchain/bin/../lib/gcc/avr/5.4.0/../../../../avr/lib/avr6\libm.a(divsf3.o) (__divsf3x)
c:/program files (x86)/atmel/studio/7.0/toolchain/avr8/avr8-gnu-toolchain/bin/../lib/gcc/avr/5.4.0/../../../../avr/lib/avr6\libm.a(fixsfsi.o)
                              ../drivers\libIotLibrary.a(hih8120.o) (__fixsfsi)
c:/program files (x86)/atmel/studio/7.0/toolchain/avr8/avr8-gnu-toolchain/bin/../lib/gcc/avr/5.4.0/../../../../avr/lib/avr6\libm.a(fp_inf.o)
                              c:/program files (x86)/atmel/studio/7.0/toolchain/avr8/avr8-gnu-toolchain/bin/../lib/gcc/avr/5.4.0/../../../../avr/lib/avr6\libm.a(addsf3x.o) (__fp_inf)
c:/program files (x86)/atmel/studio/7.0/toolchain/avr8/avr8-gnu-toolchain/bin/../lib/gcc/avr/5.4.0/../../../../avr/lib/avr6\libm.a(fp_nan.o)
                              c:/program files (x86)/atmel/studio/7.0/toolchain/avr8/avr8-gnu-toolchain/bin/../lib/gcc/avr/5.4.0/../../../../avr/lib/avr6\libm.a(addsf3x.o) (__fp_nan)
c:/program files (x86)/atmel/studio/7.0/toolchain/avr8/avr8-gnu-toolchain/bin/../lib/gcc/avr/5.4.0/../../../../avr/lib/avr6\libm.a(fp_pscA.o)
                              c:/program files (x86)/atmel/studio/7.0/toolchain/avr8/avr8-gnu-toolchain/bin/../lib/gcc/avr/5.4.0/../../../../avr/lib/avr6\libm.a(addsf3x.o) (__fp_pscA)
c:/program files (x86)/atmel/studio/7.0/toolchain/avr8/avr8-gnu-toolchain/bin/../lib/gcc/avr/5.4.0/../../../../avr/lib/avr6\libm.a(fp_pscB.o)
                              c:/program files (x86)/atmel/studio/7.0/toolchain/avr8/avr8-gnu-toolchain/bin/../lib/gcc/avr/5.4.0/../../../../avr/lib/avr6\libm.a(addsf3x.o) (__fp_pscB)
[...]
Memory Configuration

Name             Origin             Length             Attributes
text             0x00000000         0x00040000         xr
data             0x00800200         0x00002000         rw !x
eeprom           0x00810000         0x00001000         rw !x
fuse             0x00820000         0x00000003         rw !x
lock             0x00830000         0x00000400         rw !x
signature        0x00840000         0x00000400         rw !x
user_signatures  0x00850000         0x00000400         rw !x
*default*        0x00000000         0xffffffff

Linker script and memory map

Address of section .data set to 0x800200
LOAD C:/Program Files (x86)/Atmel/Studio/7.0/Packs/atmel/ATmega_DFP/1.6.364/gcc/dev/atmega2560/avr6/crtatmega2560.o
LOAD FreeRTOS/FreeRTOSTraceDriver/FreeRTOSTraceDriver.o
LOAD FreeRTOS/src/croutine.o
LOAD FreeRTOS/src/event_groups.o
LOAD FreeRTOS/src/heap_4.o
LOAD FreeRTOS/src/list.o
LOAD FreeRTOS/src/port.o
LOAD FreeRTOS/src/queue.o
LOAD FreeRTOS/src/stream_buffer.o
LOAD FreeRTOS/src/tasks.o
LOAD FreeRTOS/src/timers.o
LOAD FreeRTOS/src/variantHooks.o
LOAD Source/tasks/Application.o
LOAD Source/tasks/co2.o
LOAD Source/tasks/Initializers.o
LOAD Source/tasks/LoRaWANDownlinkHandler.o
LOAD Source/tasks/LoRaWANHandlerUplink.o
LOAD Source/tasks/Organization.o
LOAD Source/tasks/SensorDataSharePackage.o
LOAD Source/tasks/servo.o
LOAD Source/tasks/tempHumid.o
LOAD main.o
START GROUP
LOAD c:/program files (x86)/atmel/studio/7.0/toolchain/avr8/avr8-gnu-toolchain/bin/../lib/gcc/avr/5.4.0/../../../../avr/lib/avr6\libm.a
LOAD ../drivers\libIotLibrary.a
END GROUP
START GROUP
LOAD c:/program files (x86)/atmel/studio/7.0/toolchain/avr8/avr8-gnu-toolchain/bin/../lib/gcc/avr/5.4.0/avr6\libgcc.a
LOAD c:/program files (x86)/atmel/studio/7.0/toolchain/avr8/avr8-gnu-toolchain/bin/../lib/gcc/avr/5.4.0/../../../../avr/lib/avr6\libm.a
LOAD c:/program files (x86)/atmel/studio/7.0/toolchain/avr8/avr8-gnu-toolchain/bin/../lib/gcc/avr/5.4.0/../../../../avr/lib/avr6\libc.a
LOAD C:/Program Files (x86)/Atmel/Studio/7.0/Packs/atmel/ATmega_DFP/1.6.364/gcc/dev/atmega2560/avr6\libatmega2560.a
END GROUP
                0x00000000                __TEXT_REGION_ORIGIN__ = DEFINED (__TEXT_REGION_ORIGIN__)?__TEXT_REGION_ORIGIN__:0x0
                [0x00800200]                __DATA_REGION_ORIGIN__ = DEFINED (__DATA_REGION_ORIGIN__)?__DATA_REGION_ORIGIN__:0x800200
                [0x00040000]                __TEXT_REGION_LENGTH__ = DEFINED (__TEXT_REGION_LENGTH__)?__TEXT_REGION_LENGTH__:0x100000
                [0x00002000]                __DATA_REGION_LENGTH__ = DEFINED (__DATA_REGION_LENGTH__)?__DATA_REGION_LENGTH__:0xfe00
                [0x00001000]                __EEPROM_REGION_LENGTH__ = DEFINED (__EEPROM_REGION_LENGTH__)?__EEPROM_REGION_LENGTH__:0x10000
                [0x00000003]                __FUSE_REGION_LENGTH__ = DEFINED (__FUSE_REGION_LENGTH__)?__FUSE_REGION_LENGTH__:0x400
                0x00000400                __LOCK_REGION_LENGTH__ = DEFINED (__LOCK_REGION_LENGTH__)?__LOCK_REGION_LENGTH__:0x400
                0x00000400                __SIGNATURE_REGION_LENGTH__ = DEFINED (__SIGNATURE_REGION_LENGTH__)?__SIGNATURE_REGION_LENGTH__:0x400
                0x00000400                __USER_SIGNATURE_REGION_LENGTH__ = DEFINED (__USER_SIGNATURE_REGION_LENGTH__)?__USER_SIGNATURE_REGION_LENGTH__:0x400

.hash
 *(.hash)

.dynsym
 *(.dynsym)

.dynstr
 *(.dynstr)

.gnu.version
 *(.gnu.version)

.gnu.version_d
 *(.gnu.version_d)

.gnu.version_r
 *(.gnu.version_r)

.rel.init
 *(.rel.init)

.rela.init
 *(.rela.init)

.rel.text
 *(.rel.text)
 *(.rel.text.*)
 *(.rel.gnu.linkonce.t*)

.rela.text
 *(.rela.text)
 *(.rela.text.*)
 *(.rela.gnu.linkonce.t*)

.rel.fini
 *(.rel.fini)

.rela.fini
 *(.rela.fini)

.rel.rodata
 *(.rel.rodata)
 *(.rel.rodata.*)
 *(.rel.gnu.linkonce.r*)

.rela.rodata
 *(.rela.rodata)
 *(.rela.rodata.*)
 *(.rela.gnu.linkonce.r*)

.rel.data
 *(.rel.data)
 *(.rel.data.*)
 *(.rel.gnu.linkonce.d*)

.rela.data
 *(.rela.data)
 *(.rela.data.*)
 *(.rela.gnu.linkonce.d*)

.rel.ctors
 *(.rel.ctors)

.rela.ctors
 *(.rela.ctors)

.rel.dtors
 *(.rel.dtors)

.rela.dtors
 *(.rela.dtors)

.rel.got
 *(.rel.got)

.rela.got
 *(.rela.got)

.rel.bss
 *(.rel.bss)

.rela.bss
 *(.rela.bss)

.rel.plt
 *(.rel.plt)

.rela.plt
 *(.rela.plt)

.text           0x00000000     0x6738
 *(.vectors)
 .vectors       0x00000000       0xe4 C:/Program Files (x86)/Atmel/Studio/7.0/Packs/atmel/ATmega_DFP/1.6.364/gcc/dev/atmega2560/avr6/crtatmega2560.o
                0x00000000                __vector_default
                0x00000000                __vectors
 *(.vectors)
 *(.progmem.gcc*)
 .progmem.gcc_sw_table.prvProcessReceivedCommands
                0x000000e4       0x14 FreeRTOS/src/timers.o
 .progmem.gcc_sw_table.__vector_39
                0x000000f8       0xa2 ../drivers\libIotLibrary.a(twi.o)
                0x0000019a                . = ALIGN (0x2)
                0x0000019a                __trampolines_start = .
 *(.trampolines)
 .trampolines   0x0000019a        0x0 linker stubs
 *(.trampolines*)
                0x0000019a                __trampolines_end = .
 *libprintf_flt.a:*(.progmem.data)
 *libc.a:*(.progmem.data)
 *(.progmem*)
                0x0000019a                . = ALIGN (0x2)
 *(.jumptables)
 *(.jumptables*)
 *(.lowtext)
 .lowtext       0x0000019a       0x14 FreeRTOS/src/tasks.o
 .lowtext       0x000001ae       0x1e FreeRTOS/src/timers.o
 *(.lowtext*)
                0x000001cc                __ctors_start = .
 *(.ctors)
                0x000001cc                __ctors_end = .
                0x000001cc                __dtors_start = .
 *(.dtors)
                0x000001cc                __dtors_end = .
 SORT(*)(.ctors)
 SORT(*)(.dtors)
 *(.init0)
 .init0         0x000001cc        0x0 C:/Program Files (x86)/Atmel/Studio/7.0/Packs/atmel/ATmega_DFP/1.6.364/gcc/dev/atmega2560/avr6/crtatmega2560.o
                0x000001cc                __init
 *(.init0)
 *(.init1)
 *(.init1)
 *(.init2)
 .init2         0x000001cc       0x10 C:/Program Files (x86)/Atmel/Studio/7.0/Packs/atmel/ATmega_DFP/1.6.364/gcc/dev/atmega2560/avr6/crtatmega2560.o
 *(.init2)
 *(.init3)
 *(.init3)
 *(.init4)
 .init4         0x000001dc       0x1a c:/program files (x86)/atmel/studio/7.0/toolchain/avr8/avr8-gnu-toolchain/bin/../lib/gcc/avr/5.4.0/avr6\libgcc.a(_copy_data.o)
                0x000001dc                __do_copy_data
 .init4         0x000001f6       0x10 c:/program files (x86)/atmel/studio/7.0/toolchain/avr8/avr8-gnu-toolchain/bin/../lib/gcc/avr/5.4.0/avr6\libgcc.a(_clear_bss.o)
                0x000001f6                __do_clear_bss
 *(.init4)
 *(.init5)
 *(.init5)
 *(.init6)
 *(.init6)
 *(.init7)
 *(.init7)
 *(.init8)
 *(.init8)
 *(.init9)
 .init9         0x00000206        0x8 C:/Program Files (x86)/Atmel/Studio/7.0/Packs/atmel/ATmega_DFP/1.6.364/gcc/dev/atmega2560/avr6/crtatmega2560.o
 *(.init9)
 *(.text)
 .text          0x0000020e        0x2 C:/Program Files (x86)/Atmel/Studio/7.0/Packs/atmel/ATmega_DFP/1.6.364/gcc/dev/atmega2560/avr6/crtatmega2560.o
                0x0000020e                __vector_38
                0x0000020e                __vector_22
                0x0000020e                __vector_28
                0x0000020e                __vector_1
                0x0000020e                __vector_32
                0x0000020e                __vector_34
                0x0000020e                __vector_24
                0x0000020e                __vector_46
                0x0000020e                __bad_interrupt
                0x0000020e                __vector_6
                0x0000020e                __vector_31
                0x0000020e                __vector_35
                0x0000020e                __vector_3
                0x0000020e                __vector_23
                0x0000020e                __vector_30
                0x0000020e                __vector_45
                0x0000020e                __vector_11
                0x0000020e                __vector_13
                0x0000020e                __vector_17
                0x0000020e                __vector_19
                0x0000020e                __vector_56
                0x0000020e                __vector_7
                0x0000020e                __vector_49
                0x0000020e                __vector_41
                0x0000020e                __vector_43
                0x0000020e                __vector_27
                0x0000020e                __vector_5
                0x0000020e                __vector_33
                0x0000020e                __vector_47
                0x0000020e                __vector_4
                0x0000020e                __vector_44
                0x0000020e                __vector_9
                0x0000020e                __vector_2
                0x0000020e                __vector_21
                0x0000020e                __vector_15
                0x0000020e                __vector_29
                0x0000020e                __vector_40
                0x0000020e                __vector_8
                0x0000020e                __vector_48
                0x0000020e                __vector_14
                0x0000020e                __vector_53
                0x0000020e                __vector_10
                0x0000020e                __vector_50
                0x0000020e                __vector_16
                0x0000020e                __vector_18
                0x0000020e                __vector_20
                0x0000020e                __vector_42
                0x00000210                . = ALIGN (0x2)
 *(.text.*)
 .text.prvTestWaitCondition
                0x00000210       0x42 FreeRTOS/src/event_groups.o
 .text.xEventGroupCreate
                0x00000252       0x26 FreeRTOS/src/event_groups.o
                0x00000252                xEventGroupCreate
 .text.xEventGroupWaitBits
                0x00000278      0x140 FreeRTOS/src/event_groups.o
                0x00000278                xEventGroupWaitBits
 .text.xEventGroupSetBits
                0x000003b8      0x11c FreeRTOS/src/event_groups.o
                0x000003b8                xEventGroupSetBits
 .text.prvHeapInit
                0x000004d4       0x52 FreeRTOS/src/heap_4.o
 .text.prvInsertBlockIntoFreeList
                0x00000526       0x94 FreeRTOS/src/heap_4.o
 .text.pvPortMalloc
                0x000005ba      0x152 FreeRTOS/src/heap_4.o
                0x000005ba                pvPortMalloc
 .text.vPortFree
                0x0000070c       0x7a FreeRTOS/src/heap_4.o
                0x0000070c                vPortFree
 .text.vListInitialise
                0x00000786       0x22 FreeRTOS/src/list.o
                0x00000786                vListInitialise
 .text.vListInitialiseItem
                0x000007a8        0x8 FreeRTOS/src/list.o
                0x000007a8                vListInitialiseItem
 .text.vListInsert
                0x000007b0       0x7a FreeRTOS/src/list.o
                0x000007b0                vListInsert
 .text.uxListRemove
                0x0000082a       0x4e FreeRTOS/src/list.o
                0x0000082a                uxListRemove
 .text.prvSetupTimerInterrupt
                0x00000878       0x18 FreeRTOS/src/port.o
 .text.pxPortInitialiseStack
                0x00000890       0x2e FreeRTOS/src/port.o
                0x00000890                pxPortInitialiseStack
 .text.xPortStartScheduler
                0x000008be       0x64 FreeRTOS/src/port.o
                0x000008be                xPortStartScheduler
 .text.vPortYield
                0x00000922       0xc2 FreeRTOS/src/port.o
                0x00000922                vPortYield
 .text.vPortYieldFromTick
                0x000009e4       0xca FreeRTOS/src/port.o
                0x000009e4                vPortYieldFromTick
 .text.__vector_12
                0x00000aae        0x4 FreeRTOS/src/port.o
                0x00000aae                __vector_12
 .text.prvGetDisinheritPriorityAfterTimeout
                0x00000ab2       0x20 FreeRTOS/src/queue.o
 .text.prvIsQueueEmpty
                0x00000ad2       0x1a FreeRTOS/src/queue.o
 .text.prvIsQueueFull
                0x00000aec       0x1c FreeRTOS/src/queue.o
 .text.prvCopyDataToQueue
                0x00000b08       0xbe FreeRTOS/src/queue.o
 .text.prvCopyDataFromQueue
                0x00000bc6       0x34 FreeRTOS/src/queue.o
 .text.prvUnlockQueue
                0x00000bfa       0x68 FreeRTOS/src/queue.o
 .text.xQueueGenericReset
                0x00000c62       0x86 FreeRTOS/src/queue.o
                0x00000c62                xQueueGenericReset
 .text.prvInitialiseNewQueue
                0x00000ce8       0x24 FreeRTOS/src/queue.o
 .text.xQueueGenericCreate
                0x00000d0c       0x46 FreeRTOS/src/queue.o
                0x00000d0c                xQueueGenericCreate
 .text.xQueueGenericSend
                0x00000d52      0x124 FreeRTOS/src/queue.o
                0x00000d52                xQueueGenericSend
 .text.prvInitialiseMutex
                0x00000e76       0x24 FreeRTOS/src/queue.o
 .text.xQueueCreateMutex
                0x00000e9a       0x18 FreeRTOS/src/queue.o
                0x00000e9a                xQueueCreateMutex
 .text.xQueueGenericSendFromISR
                0x00000eb2       0x76 FreeRTOS/src/queue.o
                0x00000eb2                xQueueGenericSendFromISR
 .text.xQueueReceive
                0x00000f28      0x11e FreeRTOS/src/queue.o
                0x00000f28                xQueueReceive
 .text.xQueueSemaphoreTake
                0x00001046      0x162 FreeRTOS/src/queue.o
                0x00001046                xQueueSemaphoreTake
 .text.vQueueWaitForMessageRestricted
                0x000011a8       0x38 FreeRTOS/src/queue.o
                0x000011a8                vQueueWaitForMessageRestricted
 .text.prvBytesInBuffer
                0x000011e0       0x26 FreeRTOS/src/stream_buffer.o
 .text.prvInitialiseNewStreamBuffer
                0x00001206       0x20 FreeRTOS/src/stream_buffer.o
 .text.prvWriteBytesToBuffer
                0x00001226       0x92 FreeRTOS/src/stream_buffer.o
 .text.prvWriteMessageToBuffer
                0x000012b8       0x86 FreeRTOS/src/stream_buffer.o
 .text.prvReadBytesFromBuffer
                0x0000133e       0x9e FreeRTOS/src/stream_buffer.o
 .text.prvReadMessageFromBuffer
                0x000013dc       0x8a FreeRTOS/src/stream_buffer.o
 .text.xStreamBufferGenericCreate
                0x00001466       0x64 FreeRTOS/src/stream_buffer.o
                0x00001466                xStreamBufferGenericCreate
 .text.xStreamBufferReset
                0x000014ca       0x3c FreeRTOS/src/stream_buffer.o
                0x000014ca                xStreamBufferReset
 .text.xStreamBufferSpacesAvailable
                0x00001506       0x24 FreeRTOS/src/stream_buffer.o
                0x00001506                xStreamBufferSpacesAvailable
 .text.xStreamBufferSend
                0x0000152a      0x18a FreeRTOS/src/stream_buffer.o
                0x0000152a                xStreamBufferSend
 .text.xStreamBufferSendFromISR
                0x000016b4       0x88 FreeRTOS/src/stream_buffer.o
                0x000016b4                xStreamBufferSendFromISR
 .text.xStreamBufferReceive
                0x0000173c      0x106 FreeRTOS/src/stream_buffer.o
                0x0000173c                xStreamBufferReceive
 .text.prvResetNextTaskUnblockTime
                0x00001842       0x4e FreeRTOS/src/tasks.o
 .text.prvDeleteTCB
                0x00001890       0x1a FreeRTOS/src/tasks.o
 .text.prvInitialiseNewTask
                0x000018aa       0xfc FreeRTOS/src/tasks.o
 .text.prvInitialiseTaskLists
                0x000019a6       0x60 FreeRTOS/src/tasks.o
 .text.prvAddNewTaskToReadyList
                0x00001a06       0xde FreeRTOS/src/tasks.o
 .text.prvCheckTasksWaitingTermination
                0x00001ae4       0x4a FreeRTOS/src/tasks.o
 .text.prvAddCurrentTaskToDelayedList
                0x00001b2e      0x144 FreeRTOS/src/tasks.o
 .text.xTaskCreate
                0x00001c72       0x98 FreeRTOS/src/tasks.o
                0x00001c72                xTaskCreate
 .text.vTaskStartScheduler
                0x00001d0a       0x70 FreeRTOS/src/tasks.o
                0x00001d0a                vTaskStartScheduler
 .text.vTaskSuspendAll
                0x00001d7a        0xc FreeRTOS/src/tasks.o
                0x00001d7a                vTaskSuspendAll
 .text.xTaskGetTickCount
                0x00001d86       0x1c FreeRTOS/src/tasks.o
                0x00001d86                xTaskGetTickCount
 .text.xTaskIncrementTick
                0x00001da2      0x258 FreeRTOS/src/tasks.o
                0x00001da2                xTaskIncrementTick
 .text.xTaskResumeAll
                0x00001ffa      0x1b8 FreeRTOS/src/tasks.o
                0x00001ffa                xTaskResumeAll
 .text.xTaskDelayUntil
                0x000021b2       0xca FreeRTOS/src/tasks.o
                0x000021b2                xTaskDelayUntil
 .text.vTaskDelay
                0x0000227c       0x36 FreeRTOS/src/tasks.o
                0x0000227c                vTaskDelay
 .text.vTaskSwitchContext
                0x000022b2       0xca FreeRTOS/src/tasks.o
                0x000022b2                vTaskSwitchContext
 .text.vTaskPlaceOnEventList
                0x0000237c       0x2e FreeRTOS/src/tasks.o
                0x0000237c                vTaskPlaceOnEventList
 .text.vTaskPlaceOnUnorderedEventList
                0x000023aa       0x94 FreeRTOS/src/tasks.o
                0x000023aa                vTaskPlaceOnUnorderedEventList
 .text.vTaskPlaceOnEventListRestricted
                0x0000243e       0x84 FreeRTOS/src/tasks.o
                0x0000243e                vTaskPlaceOnEventListRestricted
 .text.xTaskRemoveFromEventList
                0x000024c2      0x15e FreeRTOS/src/tasks.o
                0x000024c2                xTaskRemoveFromEventList
 .text.vTaskRemoveFromUnorderedEventList
                0x00002620      0x134 FreeRTOS/src/tasks.o
                0x00002620                vTaskRemoveFromUnorderedEventList
 .text.vTaskSetTimeOutState
                0x00002754       0x2c FreeRTOS/src/tasks.o
                0x00002754                vTaskSetTimeOutState
 .text.vTaskInternalSetTimeOutState
                0x00002780       0x22 FreeRTOS/src/tasks.o
                0x00002780                vTaskInternalSetTimeOutState
 .text.xTaskCheckForTimeOut
                0x000027a2       0xcc FreeRTOS/src/tasks.o
                0x000027a2                xTaskCheckForTimeOut
 .text.vTaskMissedYield
                0x0000286e        0x8 FreeRTOS/src/tasks.o
                0x0000286e                vTaskMissedYield
 .text.xTaskGetCurrentTaskHandle
                0x00002876        0xa FreeRTOS/src/tasks.o
                0x00002876                xTaskGetCurrentTaskHandle
 .text.xTaskGetSchedulerState
                0x00002880       0x1c FreeRTOS/src/tasks.o
                0x00002880                xTaskGetSchedulerState
 .text.xTaskPriorityInherit
                0x0000289c      0x10e FreeRTOS/src/tasks.o
                0x0000289c                xTaskPriorityInherit
 .text.xTaskPriorityDisinherit
                0x000029aa       0xb6 FreeRTOS/src/tasks.o
                0x000029aa                xTaskPriorityDisinherit
 .text.vTaskPriorityDisinheritAfterTimeout
                0x00002a60       0xce FreeRTOS/src/tasks.o
                0x00002a60                vTaskPriorityDisinheritAfterTimeout
 .text.uxTaskResetEventItemValue
                0x00002b2e       0x54 FreeRTOS/src/tasks.o
                0x00002b2e                uxTaskResetEventItemValue
 .text.pvTaskIncrementMutexHeldCount
                0x00002b82       0x24 FreeRTOS/src/tasks.o
                0x00002b82                pvTaskIncrementMutexHeldCount
 .text.xTaskGenericNotifyWait
                0x00002ba6      0x150 FreeRTOS/src/tasks.o
                0x00002ba6                xTaskGenericNotifyWait
 .text.xTaskGenericNotify
                0x00002cf6      0x1ee FreeRTOS/src/tasks.o
                0x00002cf6                xTaskGenericNotify
 .text.xTaskGenericNotifyFromISR
                0x00002ee4      0x244 FreeRTOS/src/tasks.o
                0x00002ee4                xTaskGenericNotifyFromISR
 .text.xTaskGenericNotifyStateClear
                0x00003128       0x34 FreeRTOS/src/tasks.o
                0x00003128                xTaskGenericNotifyStateClear
 .text.prvGetNextExpireTime
                0x0000315c       0x30 FreeRTOS/src/timers.o
 .text.prvInsertTimerInActiveList
                0x0000318c       0x92 FreeRTOS/src/timers.o
 .text.prvCheckForValidListAndQueue
                0x0000321e       0x52 FreeRTOS/src/timers.o
 .text.xTimerCreateTimerTask
                0x00003270       0x42 FreeRTOS/src/timers.o
                0x00003270                xTimerCreateTimerTask
 .text.xTimerGenericCommand
                0x000032b2       0xbc FreeRTOS/src/timers.o
                0x000032b2                xTimerGenericCommand
 .text.prvSwitchTimerLists
                0x0000336e       0xd0 FreeRTOS/src/timers.o
 .text.prvSampleTimeNow
                0x0000343e       0x5c FreeRTOS/src/timers.o
 .text.prvProcessExpiredTimer
                0x0000349a       0xac FreeRTOS/src/timers.o
 .text.prvProcessTimerOrBlockTask
                0x00003546       0xae FreeRTOS/src/timers.o
 .text.prvProcessReceivedCommands
                0x000035f4      0x168 FreeRTOS/src/timers.o
 .text.vApplicationIdleHook
                0x0000375c        0x2 FreeRTOS/src/variantHooks.o
                0x0000375c                vApplicationIdleHook
 .text.prvSetMainLedOn
                0x0000375e        0xe FreeRTOS/src/variantHooks.o
                0x0000375e                prvSetMainLedOn
 .text.prvBlinkMainLed
                0x0000376c        0x8 FreeRTOS/src/variantHooks.o
                0x0000376c                prvBlinkMainLed
 .text.vApplicationMallocFailedHook
                0x00003774       0x18 FreeRTOS/src/variantHooks.o
                0x00003774                vApplicationMallocFailedHook
 .text.vApplicationStackOverflowHook
                0x0000378c       0x18 FreeRTOS/src/variantHooks.o
                0x0000378c                vApplicationStackOverflowHook
 .text.applicationTask
                0x000037a4       0xb6 Source/tasks/Application.o
                0x000037a4                applicationTask
 .text.applicationTaskRun
                0x0000385a       0x28 Source/tasks/Application.o
                0x0000385a                applicationTaskRun
 .text.myCo2CallBack
                0x00003882       0x36 Source/tasks/co2.o
                0x00003882                myCo2CallBack
 .text.Co2_init
                0x000038b8       0x10 Source/tasks/co2.o
                0x000038b8                Co2_init
 .text.Co2_measureTask
                0x000038c8       0x2e Source/tasks/co2.o
                0x000038c8                Co2_measureTask
 .text.Co2_getDataFromSensorTask
                0x000038f6       0x32 Source/tasks/co2.o
                0x000038f6                Co2_getDataFromSensorTask
 .text.createCo2Task
                0x00003928       0x2a Source/tasks/co2.o
                0x00003928                createCo2Task
 .text.get_co2_data
                0x00003952        0xa Source/tasks/co2.o
                0x00003952                get_co2_data
 .text.initializeTemperatureAndHumiditySemaphore
                0x0000395c       0x28 Source/tasks/Initializers.o
                0x0000395c                initializeTemperatureAndHumiditySemaphore
 .text.initialize_mutex
                0x00003984       0x10 Source/tasks/Initializers.o
                0x00003984                initialize_mutex
 .text.initializeEventGroup
                0x00003994       0x1a Source/tasks/Initializers.o
                0x00003994                initializeEventGroup
 .text.initializeDownlinkMessageBuffer
                0x000039ae       0x2e Source/tasks/Initializers.o
                0x000039ae                initializeDownlinkMessageBuffer
 .text.lora_downlink_handler_task
                0x000039dc       0x9a Source/tasks/LoRaWANDownlinkHandler.o
                0x000039dc                lora_downlink_handler_task
 .text.lora_downlink_handler_run
                0x00003a76        0x4 Source/tasks/LoRaWANDownlinkHandler.o
                0x00003a76                lora_downlink_handler_run
 .text.lora_downlink_handler_create
                0x00003a7a       0x2c Source/tasks/LoRaWANDownlinkHandler.o
                0x00003a7a                lora_downlink_handler_create
 .text._lora_setup
                0x00003aa6      0x188 Source/tasks/LoRaWANHandlerUplink.o
 .text.lora_handler_uplink_task
                0x00003c2e       0xa2 Source/tasks/LoRaWANHandlerUplink.o
                0x00003c2e                lora_handler_uplink_task
 .text.lora_uplink_handler_create
                0x00003cd0       0x28 Source/tasks/LoRaWANHandlerUplink.o
                0x00003cd0                lora_uplink_handler_create
 .text.organization_set_min_humidity
                0x00003cf8       0x84 Source/tasks/Organization.o
                0x00003cf8                organization_set_min_humidity
 .text.organization_get_min_humidity
                0x00003d7c        0xa Source/tasks/Organization.o
                0x00003d7c                organization_get_min_humidity
 .text.SensorDataSharePackage_setTemperature_value
                0x00003d86        0xa Source/tasks/SensorDataSharePackage.o
                0x00003d86                SensorDataSharePackage_setTemperature_value
 .text.SensorDataSharePackage_setHumidity_value
                0x00003d90        0xa Source/tasks/SensorDataSharePackage.o
                0x00003d90                SensorDataSharePackage_setHumidity_value
 .text.SensorDataSharePackage_setCo2_value
                0x00003d9a        0xa Source/tasks/SensorDataSharePackage.o
                0x00003d9a                SensorDataSharePackage_setCo2_value
 .text.SensorDataSharePackage_getLoraPayload
                0x00003da4       0xa6 Source/tasks/SensorDataSharePackage.o
                0x00003da4                SensorDataSharePackage_getLoraPayload
 .text.servo_TurnTask
                0x00003e4a       0x46 Source/tasks/servo.o
                0x00003e4a                servo_TurnTask
 .text.servo_TaskRun
                0x00003e90       0x2a Source/tasks/servo.o
                0x00003e90                servo_TaskRun
 .text.TempHumid_init
                0x00003eba       0x2a Source/tasks/tempHumid.o
                0x00003eba                TempHumid_init
 .text.TempHumid_measureTask
                0x00003ee4       0x46 Source/tasks/tempHumid.o
                0x00003ee4                TempHumid_measureTask
 .text.TempHumid_getDataFromSensorTask
                0x00003f2a       0x78 Source/tasks/tempHumid.o
                0x00003f2a                TempHumid_getDataFromSensorTask
 .text.createTempHumidTask
                0x00003fa2       0x2a Source/tasks/tempHumid.o
                0x00003fa2                createTempHumidTask
 .text.get_temperature_data
                0x00003fcc       0x16 Source/tasks/tempHumid.o
                0x00003fcc                get_temperature_data
 .text.get_humidity_data
                0x00003fe2        0xa Source/tasks/tempHumid.o
                0x00003fe2                get_humidity_data
 .text.taskInitializeData
                0x00003fec       0x16 main.o
                0x00003fec                taskInitializeData
 .text.create_tasks
                0x00004002       0x1c main.o
                0x00004002                create_tasks
 .text.initialiseSystem
                0x0000401e        0xc main.o
                0x0000401e                initialiseSystem
 .text.main     0x0000402a       0x10 main.o
                0x0000402a                main
 .text.avr-libc.fplib
                0x0000403a       0x58 c:/program files (x86)/atmel/studio/7.0/toolchain/avr8/avr8-gnu-toolchain/bin/../lib/gcc/avr/5.4.0/../../../../avr/lib/avr6\libm.a(fixunssfsi.o)
                0x0000403a                __fixunssfsi
 .text.avr-libc.fplib
                0x00004092       0x7a c:/program files (x86)/atmel/studio/7.0/toolchain/avr8/avr8-gnu-toolchain/bin/../lib/gcc/avr/5.4.0/../../../../avr/lib/avr6\libm.a(floatsisf.o)
                0x00004092                __floatunsisf
                0x00004096                __floatsisf
 .text.avr-libc.fplib
                0x0000410c       0x44 c:/program files (x86)/atmel/studio/7.0/toolchain/avr8/avr8-gnu-toolchain/bin/../lib/gcc/avr/5.4.0/../../../../avr/lib/avr6\libm.a(fp_split3.o)
                0x0000410c                __fp_split3
                0x0000411c                __fp_splitA
 .text.avr-libc.fplib
                0x00004150        0xe c:/program files (x86)/atmel/studio/7.0/toolchain/avr8/avr8-gnu-toolchain/bin/../lib/gcc/avr/5.4.0/../../../../avr/lib/avr6\libm.a(fp_zero.o)
                0x00004150                __fp_zero
                0x00004152                __fp_szero
 .text._hihTwiCallback
                0x0000415e       0x5a ../drivers\libIotLibrary.a(hih8120.o)
 .text.hih8120_initialise
                0x000041b8       0x30 ../drivers\libIotLibrary.a(hih8120.o)
                0x000041b8                hih8120_initialise
 .text.hih8120_wakeup
                0x000041e8       0x2a ../drivers\libIotLibrary.a(hih8120.o)
                0x000041e8                hih8120_wakeup
 .text.hih8120_measure
                0x00004212       0x22 ../drivers\libIotLibrary.a(hih8120.o)
                0x00004212                hih8120_measure
 .text.hih8120_getHumidity
                0x00004234       0x28 ../drivers\libIotLibrary.a(hih8120.o)
                0x00004234                hih8120_getHumidity
 .text.hih8120_getHumidityPercent_x10
                0x0000425c       0x14 ../drivers\libIotLibrary.a(hih8120.o)
                0x0000425c                hih8120_getHumidityPercent_x10
 .text.hih8120_getTemperature
                0x00004270       0x34 ../drivers\libIotLibrary.a(hih8120.o)
                0x00004270                hih8120_getTemperature
 .text.hih8120_getTemperature_x10
                0x000042a4       0x16 ../drivers\libIotLibrary.a(hih8120.o)
                0x000042a4                hih8120_getTemperature_x10
 .text._serialCallBack
                0x000042ba       0x8c ../drivers\libIotLibrary.a(lora_driver.o)
 .text._uploadMessage
                0x00004346       0xb4 ../drivers\libIotLibrary.a(lora_driver.o)
 .text._reply2ReturnCode
                0x000043fa       0xea ../drivers\libIotLibrary.a(lora_driver.o)
 .text._uploadMessageRc
                0x000044e4        0x6 ../drivers\libIotLibrary.a(lora_driver.o)
 .text.lora_driver_flushBuffers
                0x000044ea        0xe ../drivers\libIotLibrary.a(lora_driver.o)
                0x000044ea                lora_driver_flushBuffers
 .text.lora_driver_initialise
                0x000044f8       0x80 ../drivers\libIotLibrary.a(lora_driver.o)
                0x000044f8                lora_driver_initialise
 .text.lora_driver_resetRn2483
                0x00004578       0x1c ../drivers\libIotLibrary.a(lora_driver.o)
                0x00004578                lora_driver_resetRn2483
 .text.lora_driver_rn2483FactoryReset
                0x00004594       0x24 ../drivers\libIotLibrary.a(lora_driver.o)
                0x00004594                lora_driver_rn2483FactoryReset
 .text.lora_driver_getRn2483Hweui
                0x000045b8       0x38 ../drivers\libIotLibrary.a(lora_driver.o)
                0x000045b8                lora_driver_getRn2483Hweui
 .text.lora_driver_setDeviceIdentifier
                0x000045f0       0x22 ../drivers\libIotLibrary.a(lora_driver.o)
                0x000045f0                lora_driver_setDeviceIdentifier
 .text.lora_driver_setApplicationIdentifier
                0x00004612       0x22 ../drivers\libIotLibrary.a(lora_driver.o)
                0x00004612                lora_driver_setApplicationIdentifier
 .text.lora_driver_setApplicationKey
                0x00004634       0x22 ../drivers\libIotLibrary.a(lora_driver.o)
                0x00004634                lora_driver_setApplicationKey
 .text.lora_driver_saveMac
                0x00004656        0xc ../drivers\libIotLibrary.a(lora_driver.o)
                0x00004656                lora_driver_saveMac
 .text.lora_driver_join
                0x00004662       0x52 ../drivers\libIotLibrary.a(lora_driver.o)
                0x00004662                lora_driver_join
 .text.lora_driver_sendUploadMessage
                0x000046b4      0x196 ../drivers\libIotLibrary.a(lora_driver.o)
                0x000046b4                lora_driver_sendUploadMessage
 .text.lora_driver_setAdaptiveDataRate
                0x0000484a       0x16 ../drivers\libIotLibrary.a(lora_driver.o)
                0x0000484a                lora_driver_setAdaptiveDataRate
 .text.lora_driver_setReceiveDelay
                0x00004860       0x30 ../drivers\libIotLibrary.a(lora_driver.o)
                0x00004860                lora_driver_setReceiveDelay
 .text.lora_driver_configureToEu868
                0x00004890      0x1bc ../drivers\libIotLibrary.a(lora_driver.o)
                0x00004890                lora_driver_configureToEu868
 .text.lora_driver_setOtaaIdentity
                0x00004a4c       0x42 ../drivers\libIotLibrary.a(lora_driver.o)
                0x00004a4c                lora_driver_setOtaaIdentity
 .text.lora_driver_mapReturnCodeToText
                0x00004a8e       0x18 ../drivers\libIotLibrary.a(lora_driver.o)
                0x00004a8e                lora_driver_mapReturnCodeToText
 .text.decode_port_no
                0x00004aa6       0x58 ../drivers\libIotLibrary.a(lora_driver_utils.o)
                0x00004aa6                decode_port_no
 .text.decode_hexadecimal_string_bytes
                0x00004afe       0x92 ../drivers\libIotLibrary.a(lora_driver_utils.o)
                0x00004afe                decode_hexadecimal_string_bytes
 .text._serialCallBack
                0x00004b90       0xb6 ../drivers\libIotLibrary.a(mh_z19.o)
 .text.mh_z19_initialise
                0x00004c46       0x4a ../drivers\libIotLibrary.a(mh_z19.o)
                0x00004c46                mh_z19_initialise
 .text.mh_z19_injectCallBack
                0x00004c90        0xa ../drivers\libIotLibrary.a(mh_z19.o)
                0x00004c90                mh_z19_injectCallBack
 .text.mh_z19_takeMeassuring
                0x00004c9a       0x5e ../drivers\libIotLibrary.a(mh_z19.o)
                0x00004c9a                mh_z19_takeMeassuring
 .text.rc_servo_setPosition
                0x00004cf8       0x30 ../drivers\libIotLibrary.a(rc_servo.o)
                0x00004cf8                rc_servo_setPosition
 .text.rc_servo_initialise
                0x00004d28       0x38 ../drivers\libIotLibrary.a(rc_servo.o)
                0x00004d28                rc_servo_initialise
 .text.serial_create
                0x00004d60      0x13e ../drivers\libIotLibrary.a(serial.o)
                0x00004d60                serial_create
 .text.serial_sendByte
                0x00004e9e       0x56 ../drivers\libIotLibrary.a(serial.o)
                0x00004e9e                serial_sendByte
 .text.serial_sendBytes
                0x00004ef4       0xaa ../drivers\libIotLibrary.a(serial.o)
                0x00004ef4                serial_sendBytes
 .text.serial_getByte
                0x00004f9e       0x40 ../drivers\libIotLibrary.a(serial.o)
                0x00004f9e                serial_getByte
 .text.__vector_25
                0x00004fde       0xa4 ../drivers\libIotLibrary.a(serial.o)
                0x00004fde                __vector_25
 .text.__vector_26
                0x00005082       0x88 ../drivers\libIotLibrary.a(serial.o)
                0x00005082                __vector_26
 .text.__vector_36
                0x0000510a       0xa4 ../drivers\libIotLibrary.a(serial.o)
                0x0000510a                __vector_36
 .text.__vector_37
                0x000051ae       0x88 ../drivers\libIotLibrary.a(serial.o)
                0x000051ae                __vector_37
 .text.__vector_51
                0x00005236       0xa4 ../drivers\libIotLibrary.a(serial.o)
                0x00005236                __vector_51
 .text.__vector_52
                0x000052da       0x88 ../drivers\libIotLibrary.a(serial.o)
                0x000052da                __vector_52
 .text.__vector_54
                0x00005362       0xa4 ../drivers\libIotLibrary.a(serial.o)
                0x00005362                __vector_54
 .text.__vector_55
                0x00005406       0x88 ../drivers\libIotLibrary.a(serial.o)
                0x00005406                __vector_55
 .text.usart_getchar
                0x0000548e       0x2a ../drivers\libIotLibrary.a(stdio_driver.o)
 .text.usart_putchar
                0x000054b8       0x12 ../drivers\libIotLibrary.a(stdio_driver.o)
 .text.stdio_initialise
                0x000054ca       0x52 ../drivers\libIotLibrary.a(stdio_driver.o)
                0x000054ca                stdio_initialise
 .text._turn_off
                0x0000551c       0x98 ../drivers\libIotLibrary.a(status_leds.o)
 .text._turn_on
                0x000055b4       0x98 ../drivers\libIotLibrary.a(status_leds.o)
 .text.status_leds_slowBlink
                0x0000564c       0x46 ../drivers\libIotLibrary.a(status_leds.o)
                0x0000564c                status_leds_slowBlink
 .text.status_leds_fastBlink
                0x00005692       0x46 ../drivers\libIotLibrary.a(status_leds.o)
                0x00005692                status_leds_fastBlink
 .text.status_leds_ledOn
                0x000056d8       0x1e ../drivers\libIotLibrary.a(status_leds.o)
                0x000056d8                status_leds_ledOn
 .text.status_leds_ledOff
                0x000056f6       0x1e ../drivers\libIotLibrary.a(status_leds.o)
                0x000056f6                status_leds_ledOff
 .text.status_leds_longPuls
                0x00005714       0x24 ../drivers\libIotLibrary.a(status_leds.o)
                0x00005714                status_leds_longPuls
 .text.status_leds_shortPuls
                0x00005738       0x22 ../drivers\libIotLibrary.a(status_leds.o)
                0x00005738                status_leds_shortPuls
 .text._initTwiInterface
                0x0000575a       0x22 ../drivers\libIotLibrary.a(twi.o)
 .text.twiCreate
                0x0000577c       0x9a ../drivers\libIotLibrary.a(twi.o)
                0x0000577c                twiCreate
 .text.twiIsBusy
                0x00005816        0x8 ../drivers\libIotLibrary.a(twi.o)
                0x00005816                twiIsBusy
 .text.twiTransmit
                0x0000581e       0x98 ../drivers\libIotLibrary.a(twi.o)
                0x0000581e                twiTransmit
 .text.twiReceive
                0x000058b6       0x66 ../drivers\libIotLibrary.a(twi.o)
                0x000058b6                twiReceive
 .text.__vector_39
                0x0000591c      0x17a ../drivers\libIotLibrary.a(twi.o)
                0x0000591c                __vector_39
 .text.fifo_init
                0x00005a96       0x38 ../drivers\libIotLibrary.a(fifo.o)
                0x00005a96                fifo_init
 .text.avr-libc.fplib
                0x00005ace        0xa c:/program files (x86)/atmel/studio/7.0/toolchain/avr8/avr8-gnu-toolchain/bin/../lib/gcc/avr/5.4.0/../../../../avr/lib/avr6\libm.a(addsf3.o)
                0x00005ace                __subsf3
                0x00005ad0                __addsf3
 .text.avr-libc.fplib
                0x00005ad8       0xc4 c:/program files (x86)/atmel/studio/7.0/toolchain/avr8/avr8-gnu-toolchain/bin/../lib/gcc/avr/5.4.0/../../../../avr/lib/avr6\libm.a(addsf3x.o)
                0x00005af2                __addsf3x
 .text.avr-libc.fplib
                0x00005b9c        0x4 c:/program files (x86)/atmel/studio/7.0/toolchain/avr8/avr8-gnu-toolchain/bin/../lib/gcc/avr/5.4.0/../../../../avr/lib/avr6\libm.a(divsf3.o)
                0x00005b9c                __divsf3
 .text.avr-libc.fplib
                0x00005ba0       0xd2 c:/program files (x86)/atmel/studio/7.0/toolchain/avr8/avr8-gnu-toolchain/bin/../lib/gcc/avr/5.4.0/../../../../avr/lib/avr6\libm.a(divsf3x.o)
                0x00005bb8                __divsf3x
                0x00005bbe                __divsf3_pse
 .text.avr-libc.fplib
                0x00005c72        0xe c:/program files (x86)/atmel/studio/7.0/toolchain/avr8/avr8-gnu-toolchain/bin/../lib/gcc/avr/5.4.0/../../../../avr/lib/avr6\libm.a(fixsfsi.o)
                0x00005c72                __fixsfsi
 .text.avr-libc.fplib
                0x00005c80        0xc c:/program files (x86)/atmel/studio/7.0/toolchain/avr8/avr8-gnu-toolchain/bin/../lib/gcc/avr/5.4.0/../../../../avr/lib/avr6\libm.a(fp_inf.o)
                0x00005c80                __fp_inf
 .text.avr-libc.fplib
                0x00005c8c        0x6 c:/program files (x86)/atmel/studio/7.0/toolchain/avr8/avr8-gnu-toolchain/bin/../lib/gcc/avr/5.4.0/../../../../avr/lib/avr6\libm.a(fp_nan.o)
                0x00005c8c                __fp_nan
 .text.avr-libc.fplib
                0x00005c92        0xe c:/program files (x86)/atmel/studio/7.0/toolchain/avr8/avr8-gnu-toolchain/bin/../lib/gcc/avr/5.4.0/../../../../avr/lib/avr6\libm.a(fp_pscA.o)
                0x00005c92                __fp_pscA
 .text.avr-libc.fplib
                0x00005ca0        0xe c:/program files (x86)/atmel/studio/7.0/toolchain/avr8/avr8-gnu-toolchain/bin/../lib/gcc/avr/5.4.0/../../../../avr/lib/avr6\libm.a(fp_pscB.o)
                0x00005ca0                __fp_pscB
 .text.avr-libc.fplib
                0x00005cae       0x22 c:/program files (x86)/atmel/studio/7.0/toolchain/avr8/avr8-gnu-toolchain/bin/../lib/gcc/avr/5.4.0/../../../../avr/lib/avr6\libm.a(fp_round.o)
                0x00005cae                __fp_round
 .text.avr-libc.fplib
                0x00005cd0        0x4 c:/program files (x86)/atmel/studio/7.0/toolchain/avr8/avr8-gnu-toolchain/bin/../lib/gcc/avr/5.4.0/../../../../avr/lib/avr6\libm.a(mulsf3.o)
                0x00005cd0                __mulsf3
 .text.avr-libc.fplib
                0x00005cd4       0xc8 c:/program files (x86)/atmel/studio/7.0/toolchain/avr8/avr8-gnu-toolchain/bin/../lib/gcc/avr/5.4.0/../../../../avr/lib/avr6\libm.a(mulsf3x.o)
                0x00005cea                __mulsf3x
                0x00005cf0                __mulsf3_pse
 .text.libgcc.div
                0x00005d9c       0x44 c:/program files (x86)/atmel/studio/7.0/toolchain/avr8/avr8-gnu-toolchain/bin/../lib/gcc/avr/5.4.0/avr6\libgcc.a(_udivmodsi4.o)
                0x00005d9c                __udivmodsi4
 .text.libgcc   0x00005de0       0x10 c:/program files (x86)/atmel/studio/7.0/toolchain/avr8/avr8-gnu-toolchain/bin/../lib/gcc/avr/5.4.0/avr6\libgcc.a(_tablejump2.o)
                0x00005de0                __tablejump2__
 .text.avr-libc
                0x00005df0      0x242 c:/program files (x86)/atmel/studio/7.0/toolchain/avr8/avr8-gnu-toolchain/bin/../lib/gcc/avr/5.4.0/../../../../avr/lib/avr6\libc.a(malloc.o)
                0x00005df0                malloc
                0x00005f20                free
 .text.avr-libc
                0x00006032        0x8 c:/program files (x86)/atmel/studio/7.0/toolchain/avr8/avr8-gnu-toolchain/bin/../lib/gcc/avr/5.4.0/../../../../avr/lib/avr6\libc.a(abort.o)
                0x00006032                abort
 .text.avr-libc
                0x0000603a       0x12 c:/program files (x86)/atmel/studio/7.0/toolchain/avr8/avr8-gnu-toolchain/bin/../lib/gcc/avr/5.4.0/../../../../avr/lib/avr6\libc.a(memcpy.o)
                0x0000603a                memcpy
 .text.avr-libc
                0x0000604c        0xe c:/program files (x86)/atmel/studio/7.0/toolchain/avr8/avr8-gnu-toolchain/bin/../lib/gcc/avr/5.4.0/../../../../avr/lib/avr6\libc.a(memset.o)
                0x0000604c                memset
 .text.avr-libc
                0x0000605a       0x4a c:/program files (x86)/atmel/studio/7.0/toolchain/avr8/avr8-gnu-toolchain/bin/../lib/gcc/avr/5.4.0/../../../../avr/lib/avr6\libc.a(strcasestr.o)
                0x0000605a                strcasestr
 .text.avr-libc
                0x000060a4       0x16 c:/program files (x86)/atmel/studio/7.0/toolchain/avr8/avr8-gnu-toolchain/bin/../lib/gcc/avr/5.4.0/../../../../avr/lib/avr6\libc.a(strcat.o)
                0x000060a4                strcat
 .text.avr-libc
                0x000060ba        0xe c:/program files (x86)/atmel/studio/7.0/toolchain/avr8/avr8-gnu-toolchain/bin/../lib/gcc/avr/5.4.0/../../../../avr/lib/avr6\libc.a(strcpy.o)
                0x000060ba                strcpy
 .text.avr-libc
                0x000060c8       0x30 c:/program files (x86)/atmel/studio/7.0/toolchain/avr8/avr8-gnu-toolchain/bin/../lib/gcc/avr/5.4.0/../../../../avr/lib/avr6\libc.a(strncasecmp.o)
                0x000060c8                strncasecmp
 .text.avr-libc
                0x000060f8       0x26 c:/program files (x86)/atmel/studio/7.0/toolchain/avr8/avr8-gnu-toolchain/bin/../lib/gcc/avr/5.4.0/../../../../avr/lib/avr6\libc.a(printf.o)
                0x000060f8                printf
 .text.avr-libc
                0x0000611e       0x60 c:/program files (x86)/atmel/studio/7.0/toolchain/avr8/avr8-gnu-toolchain/bin/../lib/gcc/avr/5.4.0/../../../../avr/lib/avr6\libc.a(puts.o)
                0x0000611e                puts
 .text.avr-libc
                0x0000617e       0x5c c:/program files (x86)/atmel/studio/7.0/toolchain/avr8/avr8-gnu-toolchain/bin/../lib/gcc/avr/5.4.0/../../../../avr/lib/avr6\libc.a(sprintf.o)
                0x0000617e                sprintf
 .text.avr-libc
                0x000061da      0x3fa c:/program files (x86)/atmel/studio/7.0/toolchain/avr8/avr8-gnu-toolchain/bin/../lib/gcc/avr/5.4.0/../../../../avr/lib/avr6\libc.a(vfprintf_std.o)
                0x000061da                vfprintf
 .text.avr-libc
                0x000065d4       0x16 c:/program files (x86)/atmel/studio/7.0/toolchain/avr8/avr8-gnu-toolchain/bin/../lib/gcc/avr/5.4.0/../../../../avr/lib/avr6\libc.a(strnlen_P.o)
                0x000065d4                strnlen_P
 .text.avr-libc
                0x000065ea       0x16 c:/program files (x86)/atmel/studio/7.0/toolchain/avr8/avr8-gnu-toolchain/bin/../lib/gcc/avr/5.4.0/../../../../avr/lib/avr6\libc.a(strnlen.o)
                0x000065ea                strnlen
 .text.avr-libc
                0x00006600       0x78 c:/program files (x86)/atmel/studio/7.0/toolchain/avr8/avr8-gnu-toolchain/bin/../lib/gcc/avr/5.4.0/../../../../avr/lib/avr6\libc.a(fputc.o)
                0x00006600                fputc
 .text.avr-libc
                0x00006678       0xbc c:/program files (x86)/atmel/studio/7.0/toolchain/avr8/avr8-gnu-toolchain/bin/../lib/gcc/avr/5.4.0/../../../../avr/lib/avr6\libc.a(ultoa_invert.o)
                0x00006678                __ultoa_invert
                0x00006734                . = ALIGN (0x2)
 *(.fini9)
 .fini9         0x00006734        0x0 c:/program files (x86)/atmel/studio/7.0/toolchain/avr8/avr8-gnu-toolchain/bin/../lib/gcc/avr/5.4.0/avr6\libgcc.a(_exit.o)
                0x00006734                _exit
                0x00006734                exit
 *(.fini9)
 *(.fini8)
 *(.fini8)
 *(.fini7)
 *(.fini7)
 *(.fini6)
 *(.fini6)
 *(.fini5)
 *(.fini5)
 *(.fini4)
 *(.fini4)
 *(.fini3)
 *(.fini3)
 *(.fini2)
 *(.fini2)
 *(.fini1)
 *(.fini1)
 *(.fini0)
 .fini0         0x00006734        0x4 c:/program files (x86)/atmel/studio/7.0/toolchain/avr8/avr8-gnu-toolchain/bin/../lib/gcc/avr/5.4.0/avr6\libgcc.a(_exit.o)
 *(.fini0)
                0x00006738                _etext = .

.data           0x00800200      0x6dc load address 0x00006738
                0x00800200                PROVIDE (__data_start, .)
 *(.data)
 .data          0x00800200        0x6 c:/program files (x86)/atmel/studio/7.0/toolchain/avr8/avr8-gnu-toolchain/bin/../lib/gcc/avr/5.4.0/../../../../avr/lib/avr6\libc.a(malloc.o)
                0x00800200                __malloc_heap_end
                0x00800202                __malloc_heap_start
                0x00800204                __malloc_margin
 *(.data*)
 .data.uxTopUsedPriority
                0x00800206        0x1 FreeRTOS/src/tasks.o
                0x00800206                uxTopUsedPriority
 .data._temp    0x00800207        0x2 ../drivers\libIotLibrary.a(hih8120.o)
 .data._hum     0x00800209        0x2 ../drivers\libIotLibrary.a(hih8120.o)
 .data._com_port_2_udr
                0x0080020b        0x8 ../drivers\libIotLibrary.a(serial.o)
                0x0080020b                _com_port_2_udr
 .data.mystdout.1882
                0x00800213        0xe ../drivers\libIotLibrary.a(stdio_driver.o)
 .data._twiCurrentState
                0x00800221        0x1 ../drivers\libIotLibrary.a(twi.o)
 *(.gnu.linkonce.d*)
 *(.rodata)
 .rodata        0x00800222       0x20 ../drivers\libIotLibrary.a(lora_driver.o)
 .rodata        0x00800242       0x2d ../drivers\libIotLibrary.a(mh_z19.o)
 *(.rodata*)
 .rodata.str1.1
                0x0080026f        0x5 FreeRTOS/src/tasks.o
 .rodata.str1.1
                0x00800274        0x8 FreeRTOS/src/timers.o
 .rodata.str1.1
                0x0080027c        0x8 Source/tasks/Application.o
 .rodata.str1.1
                0x00800284       0x4b Source/tasks/co2.o
 .rodata.str1.1
                0x008002cf       0x59 Source/tasks/LoRaWANDownlinkHandler.o
 .rodata.str1.1
                0x00800328      0x163 Source/tasks/LoRaWANHandlerUplink.o
 .rodata.str1.1
                0x0080048b       0x25 Source/tasks/Organization.o
 .rodata.str1.1
                0x008004b0       0x31 Source/tasks/SensorDataSharePackage.o
 .rodata.str1.1
                0x008004e1       0x1d Source/tasks/servo.o
 .rodata.str1.1
                0x008004fe      0x100 Source/tasks/tempHumid.o
 .rodata.str1.1
                0x008005fe       0x12 main.o
 .rodata.str1.1
                0x00800610      0x295 ../drivers\libIotLibrary.a(lora_driver.o)
                                0x2a5 (size before relaxing)
 .rodata._joinMode
                0x008008a5        0x4 ../drivers\libIotLibrary.a(lora_driver.o)
 .rodata._returnCode
                0x008008a9       0x33 ../drivers\libIotLibrary.a(lora_driver.o)
                0x008008a9                _returnCode
 *(.gnu.linkonce.r*)
                0x008008dc                . = ALIGN (0x2)
                0x008008dc                _edata = .
                0x008008dc                PROVIDE (__data_end, .)

.bss            0x008008dc     0x103b
                0x008008dc                PROVIDE (__bss_start, .)
 *(.bss)
 *(.bss*)
 .bss.xBlockAllocatedBit
                0x008008dc        0x2 FreeRTOS/src/heap_4.o
 .bss.xNumberOfSuccessfulFrees
                0x008008de        0x2 FreeRTOS/src/heap_4.o
 .bss.xNumberOfSuccessfulAllocations
                0x008008e0        0x2 FreeRTOS/src/heap_4.o
 .bss.xMinimumEverFreeBytesRemaining
                0x008008e2        0x2 FreeRTOS/src/heap_4.o
 .bss.xFreeBytesRemaining
                0x008008e4        0x2 FreeRTOS/src/heap_4.o
 .bss.pxEnd     0x008008e6        0x2 FreeRTOS/src/heap_4.o
 .bss.xStart    0x008008e8        0x4 FreeRTOS/src/heap_4.o
 .bss.ucHeap    0x008008ec      0xdac FreeRTOS/src/heap_4.o
 .bss.uxSchedulerSuspended
                0x00801698        0x1 FreeRTOS/src/tasks.o
 .bss.xIdleTaskHandle
                0x00801699        0x2 FreeRTOS/src/tasks.o
 .bss.xNextTaskUnblockTime
                0x0080169b        0x4 FreeRTOS/src/tasks.o
 .bss.uxTaskNumber
                0x0080169f        0x1 FreeRTOS/src/tasks.o
 .bss.xNumOfOverflows
                0x008016a0        0x1 FreeRTOS/src/tasks.o
 .bss.xYieldPending
                0x008016a1        0x1 FreeRTOS/src/tasks.o
 .bss.xPendedTicks
                0x008016a2        0x4 FreeRTOS/src/tasks.o
 .bss.xSchedulerRunning
                0x008016a6        0x1 FreeRTOS/src/tasks.o
 .bss.uxTopReadyPriority
                0x008016a7        0x1 FreeRTOS/src/tasks.o
 .bss.xTickCount
                0x008016a8        0x4 FreeRTOS/src/tasks.o
 .bss.uxCurrentNumberOfTasks
                0x008016ac        0x1 FreeRTOS/src/tasks.o
 .bss.xSuspendedTaskList
                0x008016ad        0xb FreeRTOS/src/tasks.o
 .bss.uxDeletedTasksWaitingCleanUp
                0x008016b8        0x1 FreeRTOS/src/tasks.o
 .bss.xTasksWaitingTermination
                0x008016b9        0xb FreeRTOS/src/tasks.o
 .bss.xPendingReadyList
                0x008016c4        0xb FreeRTOS/src/tasks.o
 .bss.pxOverflowDelayedTaskList
                0x008016cf        0x2 FreeRTOS/src/tasks.o
 .bss.pxDelayedTaskList
                0x008016d1        0x2 FreeRTOS/src/tasks.o
 .bss.xDelayedTaskList2
                0x008016d3        0xb FreeRTOS/src/tasks.o
 .bss.xDelayedTaskList1
                0x008016de        0xb FreeRTOS/src/tasks.o
 .bss.pxReadyTasksLists
                0x008016e9       0x6e FreeRTOS/src/tasks.o
 .bss.pxCurrentTCB
                0x00801757        0x2 FreeRTOS/src/tasks.o
                0x00801757                pxCurrentTCB
 .bss.xLastTime.2436
                0x00801759        0x4 FreeRTOS/src/timers.o
 .bss.xTimerTaskHandle
                0x0080175d        0x2 FreeRTOS/src/timers.o
 .bss.xTimerQueue
                0x0080175f        0x2 FreeRTOS/src/timers.o
 .bss.pxOverflowTimerList
                0x00801761        0x2 FreeRTOS/src/timers.o
 .bss.pxCurrentTimerList
                0x00801763        0x2 FreeRTOS/src/timers.o
 .bss.xActiveTimerList2
                0x00801765        0xb FreeRTOS/src/timers.o
 .bss.xActiveTimerList1
                0x00801770        0xb FreeRTOS/src/timers.o
 .bss.humidity_data
                0x0080177b        0x2 Source/tasks/tempHumid.o
                0x0080177b                humidity_data
 .bss.temperature_data
                0x0080177d        0x4 Source/tasks/tempHumid.o
                0x0080177d                temperature_data
 .bss._measuringIsReady
                0x00801781        0x1 ../drivers\libIotLibrary.a(hih8120.o)
 .bss._hih8120Handler
                0x00801782        0x2 ../drivers\libIotLibrary.a(hih8120.o)
 .bss._tmp_buf.2871
                0x00801784       0x37 ../drivers\libIotLibrary.a(lora_driver.o)
 .bss.rec_buf_inp.2878
                0x008017bb        0x1 ../drivers\libIotLibrary.a(lora_driver.o)
 .bss._downlinkMessageBuffer
                0x008017bc        0x2 ../drivers\libIotLibrary.a(lora_driver.o)
 .bss._serialReplyBufferHandle
                0x008017be        0x2 ../drivers\libIotLibrary.a(lora_driver.o)
 .bss._rn2483_serial
                0x008017c0        0x2 ../drivers\libIotLibrary.a(lora_driver.o)
 .bss._downlinkPayload
                0x008017c2       0x16 ../drivers\libIotLibrary.a(lora_driver.o)
 .bss._payLoadHexBytes
                0x008017d8       0x15 ../drivers\libIotLibrary.a(lora_driver.o)
 .bss._recMessageBuf
                0x008017ed       0x2d ../drivers\libIotLibrary.a(lora_driver.o)
 .bss._sendMessage
                0x0080181a       0x2d ../drivers\libIotLibrary.a(lora_driver.o)
 .bss._replyMess
                0x00801847       0x2d ../drivers\libIotLibrary.a(lora_driver.o)
 .bss.data.1944
                0x00801874        0x2 ../drivers\libIotLibrary.a(mh_z19.o)
 .bss.inDex.1943
                0x00801876        0x1 ../drivers\libIotLibrary.a(mh_z19.o)
 .bss.crc_sum.1945
                0x00801877        0x1 ../drivers\libIotLibrary.a(mh_z19.o)
 .bss._appCallBack
                0x00801878        0x2 ../drivers\libIotLibrary.a(mh_z19.o)
 .bss._mh_state
                0x0080187a        0x1 ../drivers\libIotLibrary.a(mh_z19.o)
                0x0080187a                _mh_state
 .bss._ppm      0x0080187b        0x2 ../drivers\libIotLibrary.a(mh_z19.o)
 .bss._serial   0x0080187d        0x2 ../drivers\libIotLibrary.a(mh_z19.o)
 .bss._ser_handle
                0x0080187f        0x8 ../drivers\libIotLibrary.a(serial.o)
 .bss._com_serial_instance
                0x00801887        0x2 ../drivers\libIotLibrary.a(stdio_driver.o)
 .bss._led_status
                0x00801889       0x18 ../drivers\libIotLibrary.a(status_leds.o)
 .bss._index.1885
                0x008018a1        0x1 ../drivers\libIotLibrary.a(twi.o)
 .bss._twiCurrentHandler
                0x008018a2        0x2 ../drivers\libIotLibrary.a(twi.o)
 .bss._twiMessageLen
                0x008018a4        0x1 ../drivers\libIotLibrary.a(twi.o)
 .bss._twiMessageBuffer
                0x008018a5        0xa ../drivers\libIotLibrary.a(twi.o)
 .bss._twiIsInitiated
                0x008018af        0x1 ../drivers\libIotLibrary.a(twi.o)
 *(COMMON)
 COMMON         0x008018b0       0x22 Source/tasks/Application.o
                0x008018b0                downlinkMessageBuffer
                0x008018b2                mutex
                0x008018b4                measureEventGroup
                0x008018b6                temperatureAndHumiditySemaphore
                0x008018b8                payload
                0x008018ce                dataConfigurationGroup
                0x008018d0                uplinkMessageBuffer
 COMMON         0x008018d2        0x3 Source/tasks/co2.o
                0x008018d2                rc
                0x008018d3                co2_data
 COMMON         0x008018d5       0x18 Source/tasks/LoRaWANDownlinkHandler.o
                0x008018d5                downlink_payload
                0x008018eb                minHumid
 COMMON         0x008018ed        0x2 Source/tasks/Organization.o
                0x008018ed                hum_data
 COMMON         0x008018ef       0x1e Source/tasks/SensorDataSharePackage.o
                0x008018ef                temperature_value
                0x008018f1                uplink_payload
                0x00801907                servo_actuator
                0x00801908                co2_value
                0x0080190a                humidity_value
                0x0080190c                dataSharePackage_lenght
 COMMON         0x0080190d        0x4 c:/program files (x86)/atmel/studio/7.0/toolchain/avr8/avr8-gnu-toolchain/bin/../lib/gcc/avr/5.4.0/../../../../avr/lib/avr6\libc.a(malloc.o)
                0x0080190d                __brkval
                0x0080190f                __flp
 COMMON         0x00801911        0x6 c:/program files (x86)/atmel/studio/7.0/toolchain/avr8/avr8-gnu-toolchain/bin/../lib/gcc/avr/5.4.0/../../../../avr/lib/avr6\libc.a(iob.o)
                0x00801911                __iob
                0x00801917                PROVIDE (__bss_end, .)
                0x00006738                __data_load_start = LOADADDR (.data)
                0x00006e14                __data_load_end = (__data_load_start + SIZEOF (.data))

.noinit         0x00801917        0x0
                [!provide]                PROVIDE (__noinit_start, .)
 *(.noinit*)
                [!provide]                PROVIDE (__noinit_end, .)
                0x00801917                _end = .
                0x00801917                PROVIDE (__heap_start, .)

.eeprom         0x00810000        0x0
 *(.eeprom*)
                0x00810000                __eeprom_end = .

.fuse
 *(.fuse)
 *(.lfuse)
 *(.hfuse)
 *(.efuse)

.lock
 *(.lock*)

.signature
 *(.signature*)

.user_signatures
 *(.user_signatures*)

.stab
 *(.stab)

.stabstr
 *(.stabstr)

.stab.excl
 *(.stab.excl)

.stab.exclstr
 *(.stab.exclstr)

.stab.index
 *(.stab.index)

.stab.indexstr
 *(.stab.indexstr)

.comment        0x00000000       0x5c
 *(.comment)
 .comment       0x00000000       0x30 FreeRTOS/src/event_groups.o
                                 0x31 (size before relaxing)
 .comment       0x00000030       0x31 FreeRTOS/src/heap_4.o
 .comment       0x00000030       0x31 FreeRTOS/src/list.o
 .comment       0x00000030       0x31 FreeRTOS/src/port.o
 .comment       0x00000030       0x31 FreeRTOS/src/queue.o
 .comment       0x00000030       0x31 FreeRTOS/src/stream_buffer.o
 .comment       0x00000030       0x31 FreeRTOS/src/tasks.o
 .comment       0x00000030       0x31 FreeRTOS/src/timers.o
 .comment       0x00000030       0x31 FreeRTOS/src/variantHooks.o
 .comment       0x00000030       0x31 Source/tasks/Application.o
 .comment       0x00000030       0x31 Source/tasks/co2.o
 .comment       0x00000030       0x31 Source/tasks/Initializers.o
 .comment       0x00000030       0x31 Source/tasks/LoRaWANDownlinkHandler.o
 .comment       0x00000030       0x31 Source/tasks/LoRaWANHandlerUplink.o
 .comment       0x00000030       0x31 Source/tasks/Organization.o
 .comment       0x00000030       0x31 Source/tasks/SensorDataSharePackage.o
 .comment       0x00000030       0x31 Source/tasks/servo.o
 .comment       0x00000030       0x31 Source/tasks/tempHumid.o
 .comment       0x00000030       0x31 main.o
 .comment       0x00000030       0x31 ../drivers\libIotLibrary.a(hih8120.o)
 .comment       0x00000030       0x31 ../drivers\libIotLibrary.a(lora_driver.o)
 .comment       0x00000030       0x31 ../drivers\libIotLibrary.a(lora_driver_utils.o)
 .comment       0x00000030       0x31 ../drivers\libIotLibrary.a(mh_z19.o)
 .comment       0x00000030       0x31 ../drivers\libIotLibrary.a(rc_servo.o)
 .comment       0x00000030       0x31 ../drivers\libIotLibrary.a(serial.o)
 .comment       0x00000030       0x31 ../drivers\libIotLibrary.a(stdio_driver.o)
 .comment       0x00000030       0x31 ../drivers\libIotLibrary.a(status_leds.o)
 .comment       0x00000030       0x31 ../drivers\libIotLibrary.a(twi.o)
 .comment       0x00000030       0x31 ../drivers\libIotLibrary.a(fifo.o)
 .comment       0x00000030       0x31 c:/program files (x86)/atmel/studio/7.0/toolchain/avr8/avr8-gnu-toolchain/bin/../lib/gcc/avr/5.4.0/../../../../avr/lib/avr6\libc.a(malloc.o)
 .comment       0x00000030       0x31 c:/program files (x86)/atmel/studio/7.0/toolchain/avr8/avr8-gnu-toolchain/bin/../lib/gcc/avr/5.4.0/../../../../avr/lib/avr6\libc.a(iob.o)
 .comment       0x00000030       0x31 c:/program files (x86)/atmel/studio/7.0/toolchain/avr8/avr8-gnu-toolchain/bin/../lib/gcc/avr/5.4.0/../../../../avr/lib/avr6\libc.a(printf.o)
 .comment       0x00000030       0x31 c:/program files (x86)/atmel/studio/7.0/toolchain/avr8/avr8-gnu-toolchain/bin/../lib/gcc/avr/5.4.0/../../../../avr/lib/avr6\libc.a(puts.o)
 .comment       0x00000030       0x31 c:/program files (x86)/atmel/studio/7.0/toolchain/avr8/avr8-gnu-toolchain/bin/../lib/gcc/avr/5.4.0/../../../../avr/lib/avr6\libc.a(sprintf.o)
 .comment       0x00000030       0x2c c:/program files (x86)/atmel/studio/7.0/toolchain/avr8/avr8-gnu-toolchain/bin/../lib/gcc/avr/5.4.0/../../../../avr/lib/avr6\libc.a(vfprintf_std.o)
                                 0x2d (size before relaxing)
 .comment       0x0000005c       0x31 c:/program files (x86)/atmel/studio/7.0/toolchain/avr8/avr8-gnu-toolchain/bin/../lib/gcc/avr/5.4.0/../../../../avr/lib/avr6\libc.a(fputc.o)

.note.gnu.avr.deviceinfo
                0x00000000       0x40
 .note.gnu.avr.deviceinfo
                0x00000000       0x40 C:/Program Files (x86)/Atmel/Studio/7.0/Packs/atmel/ATmega_DFP/1.6.364/gcc/dev/atmega2560/avr6/crtatmega2560.o

.note.gnu.build-id
 *(.note.gnu.build-id)

.debug
 *(.debug)

.line
 *(.line)

.debug_srcinfo
 *(.debug_srcinfo)

.debug_sfnames
 *(.debug_sfnames)

.debug_aranges  0x00000000      0xbe8
 *(.debug_aranges)
 .debug_aranges
                0x00000000       0x68 FreeRTOS/src/event_groups.o
 .debug_aranges
                0x00000068       0x58 FreeRTOS/src/heap_4.o
 .debug_aranges
                0x000000c0       0x40 FreeRTOS/src/list.o
 .debug_aranges
                0x00000100       0x58 FreeRTOS/src/port.o
 .debug_aranges
                0x00000158       0xf8 FreeRTOS/src/queue.o
 .debug_aranges
                0x00000250       0xc0 FreeRTOS/src/stream_buffer.o
 .debug_aranges
                0x00000310      0x1d0 FreeRTOS/src/tasks.o
 .debug_aranges
                0x000004e0       0xc8 FreeRTOS/src/timers.o
 .debug_aranges
                0x000005a8       0x40 FreeRTOS/src/variantHooks.o
 .debug_aranges
                0x000005e8       0x28 Source/tasks/Application.o
 .debug_aranges
                0x00000610       0x48 Source/tasks/co2.o
 .debug_aranges
                0x00000658       0x38 Source/tasks/Initializers.o
 .debug_aranges
                0x00000690       0x30 Source/tasks/LoRaWANDownlinkHandler.o
 .debug_aranges
                0x000006c0       0x30 Source/tasks/LoRaWANHandlerUplink.o
 .debug_aranges
                0x000006f0       0x28 Source/tasks/Organization.o
 .debug_aranges
                0x00000718       0x40 Source/tasks/SensorDataSharePackage.o
 .debug_aranges
                0x00000758       0x28 Source/tasks/servo.o
 .debug_aranges
                0x00000780       0x48 Source/tasks/tempHumid.o
 .debug_aranges
                0x000007c8       0x38 main.o
 .debug_aranges
                0x00000800       0x68 ../drivers\libIotLibrary.a(hih8120.o)
 .debug_aranges
                0x00000868      0x138 ../drivers\libIotLibrary.a(lora_driver.o)
 .debug_aranges
                0x000009a0       0x28 ../drivers\libIotLibrary.a(lora_driver_utils.o)
 .debug_aranges
                0x000009c8       0x58 ../drivers\libIotLibrary.a(mh_z19.o)
 .debug_aranges
                0x00000a20       0x28 ../drivers\libIotLibrary.a(rc_servo.o)
 .debug_aranges
                0x00000a48       0x90 ../drivers\libIotLibrary.a(serial.o)
 .debug_aranges
                0x00000ad8       0x38 ../drivers\libIotLibrary.a(stdio_driver.o)
 .debug_aranges
                0x00000b10       0x68 ../drivers\libIotLibrary.a(status_leds.o)
 .debug_aranges
                0x00000b78       0x50 ../drivers\libIotLibrary.a(twi.o)
 .debug_aranges
                0x00000bc8       0x20 ../drivers\libIotLibrary.a(fifo.o)

.debug_pubnames
 *(.debug_pubnames)

.debug_info     0x00000000     0xe7d7
 *(.debug_info .gnu.linkonce.wi.*)
 .debug_info    0x00000000      0xbbc C:/Program Files (x86)/Atmel/Studio/7.0/Packs/atmel/ATmega_DFP/1.6.364/gcc/dev/atmega2560/avr6/crtatmega2560.o
 .debug_info    0x00000bbc      0x971 FreeRTOS/src/event_groups.o
 .debug_info    0x0000152d      0x4e6 FreeRTOS/src/heap_4.o
 .debug_info    0x00001a13      0x2e7 FreeRTOS/src/list.o
 .debug_info    0x00001cfa      0x2ff FreeRTOS/src/port.o
 .debug_info    0x00001ff9     0x17e6 FreeRTOS/src/queue.o
 .debug_info    0x000037df     0x13df FreeRTOS/src/stream_buffer.o
 .debug_info    0x00004bbe     0x2239 FreeRTOS/src/tasks.o
 .debug_info    0x00006df7     0x10dd FreeRTOS/src/timers.o
 .debug_info    0x00007ed4      0x20f FreeRTOS/src/variantHooks.o
 .debug_info    0x000080e3      0x464 Source/tasks/Application.o
 .debug_info    0x00008547      0x458 Source/tasks/co2.o
 .debug_info    0x0000899f      0x2d0 Source/tasks/Initializers.o
 .debug_info    0x00008c6f      0x37a Source/tasks/LoRaWANDownlinkHandler.o
 .debug_info    0x00008fe9      0x883 Source/tasks/LoRaWANHandlerUplink.o
 .debug_info    0x0000986c      0x262 Source/tasks/Organization.o
 .debug_info    0x00009ace      0x24a Source/tasks/SensorDataSharePackage.o
 .debug_info    0x00009d18      0x2be Source/tasks/servo.o
 .debug_info    0x00009fd6      0x46b Source/tasks/tempHumid.o
 .debug_info    0x0000a441      0x36a main.o
 .debug_info    0x0000a7ab      0x3a9 ../drivers\libIotLibrary.a(hih8120.o)
 .debug_info    0x0000ab54     0x1747 ../drivers\libIotLibrary.a(lora_driver.o)
 .debug_info    0x0000c29b      0x143 ../drivers\libIotLibrary.a(lora_driver_utils.o)
 .debug_info    0x0000c3de      0x556 ../drivers\libIotLibrary.a(mh_z19.o)
 .debug_info    0x0000c934      0x10f ../drivers\libIotLibrary.a(rc_servo.o)
 .debug_info    0x0000ca43      0xd9c ../drivers\libIotLibrary.a(serial.o)
 .debug_info    0x0000d7df      0x3b6 ../drivers\libIotLibrary.a(stdio_driver.o)
 .debug_info    0x0000db95      0x522 ../drivers\libIotLibrary.a(status_leds.o)
 .debug_info    0x0000e0b7      0x55d ../drivers\libIotLibrary.a(twi.o)
 .debug_info    0x0000e614      0x1c3 ../drivers\libIotLibrary.a(fifo.o)

.debug_abbrev   0x00000000     0x3b5c
 *(.debug_abbrev)
 .debug_abbrev  0x00000000      0xb1a C:/Program Files (x86)/Atmel/Studio/7.0/Packs/atmel/ATmega_DFP/1.6.364/gcc/dev/atmega2560/avr6/crtatmega2560.o
 .debug_abbrev  0x00000b1a      0x1dc FreeRTOS/src/event_groups.o
 .debug_abbrev  0x00000cf6      0x200 FreeRTOS/src/heap_4.o
 .debug_abbrev  0x00000ef6       0xff FreeRTOS/src/list.o
 .debug_abbrev  0x00000ff5      0x179 FreeRTOS/src/port.o
 .debug_abbrev  0x0000116e      0x241 FreeRTOS/src/queue.o
 .debug_abbrev  0x000013af      0x246 FreeRTOS/src/stream_buffer.o
 .debug_abbrev  0x000015f5      0x2c8 FreeRTOS/src/tasks.o
 .debug_abbrev  0x000018bd      0x28c FreeRTOS/src/timers.o
 .debug_abbrev  0x00001b49       0xff FreeRTOS/src/variantHooks.o
 .debug_abbrev  0x00001c48      0x153 Source/tasks/Application.o
 .debug_abbrev  0x00001d9b      0x17a Source/tasks/co2.o
 .debug_abbrev  0x00001f15       0xe6 Source/tasks/Initializers.o
 .debug_abbrev  0x00001ffb      0x16b Source/tasks/LoRaWANDownlinkHandler.o
 .debug_abbrev  0x00002166      0x1ca Source/tasks/LoRaWANHandlerUplink.o
 .debug_abbrev  0x00002330      0x114 Source/tasks/Organization.o
 .debug_abbrev  0x00002444       0xfa Source/tasks/SensorDataSharePackage.o
 .debug_abbrev  0x0000253e      0x12c Source/tasks/servo.o
 .debug_abbrev  0x0000266a      0x16d Source/tasks/tempHumid.o
 .debug_abbrev  0x000027d7      0x134 main.o
 .debug_abbrev  0x0000290b      0x184 ../drivers\libIotLibrary.a(hih8120.o)
 .debug_abbrev  0x00002a8f      0x33b ../drivers\libIotLibrary.a(lora_driver.o)
 .debug_abbrev  0x00002dca       0xc0 ../drivers\libIotLibrary.a(lora_driver_utils.o)
 .debug_abbrev  0x00002e8a      0x238 ../drivers\libIotLibrary.a(mh_z19.o)
 .debug_abbrev  0x000030c2       0xbc ../drivers\libIotLibrary.a(rc_servo.o)
 .debug_abbrev  0x0000317e      0x355 ../drivers\libIotLibrary.a(serial.o)
 .debug_abbrev  0x000034d3      0x1b3 ../drivers\libIotLibrary.a(stdio_driver.o)
 .debug_abbrev  0x00003686      0x1d7 ../drivers\libIotLibrary.a(status_leds.o)
 .debug_abbrev  0x0000385d      0x217 ../drivers\libIotLibrary.a(twi.o)
 .debug_abbrev  0x00003a74       0xe8 ../drivers\libIotLibrary.a(fifo.o)

.debug_line     0x00000000     0x7493
 *(.debug_line .debug_line.* .debug_line_end)
 .debug_line    0x00000000      0x1fa C:/Program Files (x86)/Atmel/Studio/7.0/Packs/atmel/ATmega_DFP/1.6.364/gcc/dev/atmega2560/avr6/crtatmega2560.o
 .debug_line    0x000001fa      0x413 FreeRTOS/src/event_groups.o
 .debug_line    0x0000060d      0x41f FreeRTOS/src/heap_4.o
 .debug_line    0x00000a2c      0x1db FreeRTOS/src/list.o
 .debug_line    0x00000c07      0x28a FreeRTOS/src/port.o
 .debug_line    0x00000e91      0xbe3 FreeRTOS/src/queue.o
 .debug_line    0x00001a74      0x79a FreeRTOS/src/stream_buffer.o
 .debug_line    0x0000220e     0x15ba FreeRTOS/src/tasks.o
 .debug_line    0x000037c8      0x624 FreeRTOS/src/timers.o
 .debug_line    0x00003dec      0x1af FreeRTOS/src/variantHooks.o
 .debug_line    0x00003f9b      0x207 Source/tasks/Application.o
 .debug_line    0x000041a2      0x230 Source/tasks/co2.o
 .debug_line    0x000043d2      0x21c Source/tasks/Initializers.o
 .debug_line    0x000045ee      0x205 Source/tasks/LoRaWANDownlinkHandler.o
 .debug_line    0x000047f3      0x2ac Source/tasks/LoRaWANHandlerUplink.o
 .debug_line    0x00004a9f      0x18d Source/tasks/Organization.o
 .debug_line    0x00004c2c      0x185 Source/tasks/SensorDataSharePackage.o
 .debug_line    0x00004db1      0x1b8 Source/tasks/servo.o
 .debug_line    0x00004f69      0x255 Source/tasks/tempHumid.o
 .debug_line    0x000051be      0x209 main.o
 .debug_line    0x000053c7      0x24a ../drivers\libIotLibrary.a(hih8120.o)
 .debug_line    0x00005611      0x9aa ../drivers\libIotLibrary.a(lora_driver.o)
 .debug_line    0x00005fbb      0x195 ../drivers\libIotLibrary.a(lora_driver_utils.o)
 .debug_line    0x00006150      0x2fc ../drivers\libIotLibrary.a(mh_z19.o)
 .debug_line    0x0000644c       0xfd ../drivers\libIotLibrary.a(rc_servo.o)
 .debug_line    0x00006549      0x6a1 ../drivers\libIotLibrary.a(serial.o)
 .debug_line    0x00006bea      0x146 ../drivers\libIotLibrary.a(stdio_driver.o)
 .debug_line    0x00006d30      0x32c ../drivers\libIotLibrary.a(status_leds.o)
 .debug_line    0x0000705c      0x31c ../drivers\libIotLibrary.a(twi.o)
 .debug_line    0x00007378      0x11b ../drivers\libIotLibrary.a(fifo.o)

.debug_frame    0x00000000     0x2914
 *(.debug_frame)
 .debug_frame   0x00000000      0x1dc FreeRTOS/src/event_groups.o
 .debug_frame   0x000001dc       0xfc FreeRTOS/src/heap_4.o
 .debug_frame   0x000002d8       0x90 FreeRTOS/src/list.o
 .debug_frame   0x00000368       0x94 FreeRTOS/src/port.o
 .debug_frame   0x000003fc      0x3a4 FreeRTOS/src/queue.o
 .debug_frame   0x000007a0      0x40c FreeRTOS/src/stream_buffer.o
 .debug_frame   0x00000bac      0x7a0 FreeRTOS/src/tasks.o
 .debug_frame   0x0000134c      0x3ac FreeRTOS/src/timers.o
 .debug_frame   0x000016f8       0x64 FreeRTOS/src/variantHooks.o
 .debug_frame   0x0000175c       0x54 Source/tasks/Application.o
 .debug_frame   0x000017b0       0xa8 Source/tasks/co2.o
 .debug_frame   0x00001858       0x5c Source/tasks/Initializers.o
 .debug_frame   0x000018b4       0x8c Source/tasks/LoRaWANDownlinkHandler.o
 .debug_frame   0x00001940       0x80 Source/tasks/LoRaWANHandlerUplink.o
 .debug_frame   0x000019c0       0x60 Source/tasks/Organization.o
 .debug_frame   0x00001a20       0x9c Source/tasks/SensorDataSharePackage.o
 .debug_frame   0x00001abc       0x5c Source/tasks/servo.o
 .debug_frame   0x00001b18       0xb8 Source/tasks/tempHumid.o
 .debug_frame   0x00001bd0       0x54 main.o
 .debug_frame   0x00001c24       0xc0 ../drivers\libIotLibrary.a(hih8120.o)
 .debug_frame   0x00001ce4      0x460 ../drivers\libIotLibrary.a(lora_driver.o)
 .debug_frame   0x00002144       0x48 ../drivers\libIotLibrary.a(lora_driver_utils.o)
 .debug_frame   0x0000218c      0x100 ../drivers\libIotLibrary.a(mh_z19.o)
 .debug_frame   0x0000228c       0x34 ../drivers\libIotLibrary.a(rc_servo.o)
 .debug_frame   0x000022c0      0x384 ../drivers\libIotLibrary.a(serial.o)
 .debug_frame   0x00002644       0x94 ../drivers\libIotLibrary.a(stdio_driver.o)
 .debug_frame   0x000026d8       0xec ../drivers\libIotLibrary.a(status_leds.o)
 .debug_frame   0x000027c4      0x12c ../drivers\libIotLibrary.a(twi.o)
 .debug_frame   0x000028f0       0x24 ../drivers\libIotLibrary.a(fifo.o)

.debug_str      0x00000000     0x44ff
 *(.debug_str)
 .debug_str     0x00000000      0x3e6 C:/Program Files (x86)/Atmel/Studio/7.0/Packs/atmel/ATmega_DFP/1.6.364/gcc/dev/atmega2560/avr6/crtatmega2560.o
 .debug_str     0x000003e6      0x50b FreeRTOS/src/event_groups.o
                                0x58c (size before relaxing)
 .debug_str     0x000008f1      0x2ce FreeRTOS/src/heap_4.o
                                0x482 (size before relaxing)
 .debug_str     0x00000bbf       0x89 FreeRTOS/src/list.o
                                0x2be (size before relaxing)
 .debug_str     0x00000c48      0x15d FreeRTOS/src/port.o
                                0x2f3 (size before relaxing)
 .debug_str     0x00000da5      0x652 FreeRTOS/src/queue.o
                                0x932 (size before relaxing)
 .debug_str     0x000013f7      0x4ed FreeRTOS/src/stream_buffer.o
                                0x7bb (size before relaxing)
 .debug_str     0x000018e4      0x8c8 FreeRTOS/src/tasks.o
                                0xf53 (size before relaxing)
 .debug_str     0x000021ac      0x414 FreeRTOS/src/timers.o
                                0x829 (size before relaxing)
 .debug_str     0x000025c0       0x81 FreeRTOS/src/variantHooks.o
                                0x26a (size before relaxing)
 .debug_str     0x00002641      0x1d4 Source/tasks/Application.o
                                0x464 (size before relaxing)
 .debug_str     0x00002815      0x142 Source/tasks/co2.o
                                0x429 (size before relaxing)
 .debug_str     0x00002957       0x8f Source/tasks/Initializers.o
                                0x369 (size before relaxing)
 .debug_str     0x000029e6       0xce Source/tasks/LoRaWANDownlinkHandler.o
                                0x3d5 (size before relaxing)
 .debug_str     0x00002ab4      0x431 Source/tasks/LoRaWANHandlerUplink.o
                                0x78c (size before relaxing)
 .debug_str     0x00002ee5       0x58 Source/tasks/Organization.o
                                0x306 (size before relaxing)
 .debug_str     0x00002f3d       0xbe Source/tasks/SensorDataSharePackage.o
                                0x309 (size before relaxing)
 .debug_str     0x00002ffb       0x63 Source/tasks/servo.o
                                0x30e (size before relaxing)
 .debug_str     0x0000305e      0x150 Source/tasks/tempHumid.o
                                0x468 (size before relaxing)
 .debug_str     0x000031ae       0x79 main.o
                                0x3dd (size before relaxing)
 .debug_str     0x00003227      0x2ee ../drivers\libIotLibrary.a(hih8120.o)
                                0x45c (size before relaxing)
 .debug_str     0x00003515      0x68f ../drivers\libIotLibrary.a(lora_driver.o)
                                0xcdb (size before relaxing)
 .debug_str     0x00003ba4       0x4f ../drivers\libIotLibrary.a(lora_driver_utils.o)
                                0x206 (size before relaxing)
 .debug_str     0x00003bf3      0x117 ../drivers\libIotLibrary.a(mh_z19.o)
                                0x489 (size before relaxing)
 .debug_str     0x00003d0a       0x3c ../drivers\libIotLibrary.a(rc_servo.o)
                                0x1e2 (size before relaxing)
 .debug_str     0x00003d46      0x2e7 ../drivers\libIotLibrary.a(serial.o)
                                0x628 (size before relaxing)
 .debug_str     0x0000402d       0xa6 ../drivers\libIotLibrary.a(stdio_driver.o)
                                0x37d (size before relaxing)
 .debug_str     0x000040d3      0x11b ../drivers\libIotLibrary.a(status_leds.o)
                                0x381 (size before relaxing)
 .debug_str     0x000041ee      0x2ef ../drivers\libIotLibrary.a(twi.o)
                                0x5b4 (size before relaxing)
 .debug_str     0x000044dd       0x22 ../drivers\libIotLibrary.a(fifo.o)
                                0x239 (size before relaxing)

.debug_loc      0x00000000     0xc669
 *(.debug_loc)
 .debug_loc     0x00000000      0xcc9 FreeRTOS/src/event_groups.o
 .debug_loc     0x00000cc9      0x4be FreeRTOS/src/heap_4.o
 .debug_loc     0x00001187      0x17d FreeRTOS/src/list.o
 .debug_loc     0x00001304       0xf6 FreeRTOS/src/port.o
 .debug_loc     0x000013fa     0x1abd FreeRTOS/src/queue.o
 .debug_loc     0x00002eb7     0x1daf FreeRTOS/src/stream_buffer.o
 .debug_loc     0x00004c66     0x2a07 FreeRTOS/src/tasks.o
 .debug_loc     0x0000766d     0x10f3 FreeRTOS/src/timers.o
 .debug_loc     0x00008760       0xdc FreeRTOS/src/variantHooks.o
 .debug_loc     0x0000883c       0xf3 Source/tasks/Application.o
 .debug_loc     0x0000892f      0x165 Source/tasks/co2.o
 .debug_loc     0x00008a94       0x22 Source/tasks/Initializers.o
 .debug_loc     0x00008ab6      0x17e Source/tasks/LoRaWANDownlinkHandler.o
 .debug_loc     0x00008c34      0x175 Source/tasks/LoRaWANHandlerUplink.o
 .debug_loc     0x00008da9       0xe7 Source/tasks/Organization.o
 .debug_loc     0x00008e90      0x112 Source/tasks/SensorDataSharePackage.o
 .debug_loc     0x00008fa2       0xee Source/tasks/servo.o
 .debug_loc     0x00009090      0x16a Source/tasks/tempHumid.o
 .debug_loc     0x000091fa       0x9f ../drivers\libIotLibrary.a(hih8120.o)
 .debug_loc     0x00009299     0x1216 ../drivers\libIotLibrary.a(lora_driver.o)
 .debug_loc     0x0000a4af      0x1d2 ../drivers\libIotLibrary.a(lora_driver_utils.o)
 .debug_loc     0x0000a681      0x37c ../drivers\libIotLibrary.a(mh_z19.o)
 .debug_loc     0x0000a9fd       0x2f ../drivers\libIotLibrary.a(rc_servo.o)
 .debug_loc     0x0000aa2c     0x114c ../drivers\libIotLibrary.a(serial.o)
 .debug_loc     0x0000bb78      0x18c ../drivers\libIotLibrary.a(stdio_driver.o)
 .debug_loc     0x0000bd04      0x292 ../drivers\libIotLibrary.a(status_leds.o)
 .debug_loc     0x0000bf96      0x575 ../drivers\libIotLibrary.a(twi.o)
 .debug_loc     0x0000c50b      0x15e ../drivers\libIotLibrary.a(fifo.o)

.debug_macinfo
 *(.debug_macinfo)

.debug_weaknames
 *(.debug_weaknames)

.debug_funcnames
 *(.debug_funcnames)

.debug_typenames
 *(.debug_typenames)

.debug_varnames
 *(.debug_varnames)

.debug_pubtypes
 *(.debug_pubtypes)

.debug_ranges   0x00000000      0xae8
 *(.debug_ranges)
 .debug_ranges  0x00000000       0x70 FreeRTOS/src/event_groups.o
 .debug_ranges  0x00000070       0x48 FreeRTOS/src/heap_4.o
 .debug_ranges  0x000000b8       0x30 FreeRTOS/src/list.o
 .debug_ranges  0x000000e8       0x48 FreeRTOS/src/port.o
 .debug_ranges  0x00000130      0x130 FreeRTOS/src/queue.o
 .debug_ranges  0x00000260       0xb0 FreeRTOS/src/stream_buffer.o
 .debug_ranges  0x00000310      0x200 FreeRTOS/src/tasks.o
 .debug_ranges  0x00000510       0xb8 FreeRTOS/src/timers.o
 .debug_ranges  0x000005c8       0x30 FreeRTOS/src/variantHooks.o
 .debug_ranges  0x000005f8       0x18 Source/tasks/Application.o
 .debug_ranges  0x00000610       0x38 Source/tasks/co2.o
 .debug_ranges  0x00000648       0x28 Source/tasks/Initializers.o
 .debug_ranges  0x00000670       0x20 Source/tasks/LoRaWANDownlinkHandler.o
 .debug_ranges  0x00000690       0x20 Source/tasks/LoRaWANHandlerUplink.o
 .debug_ranges  0x000006b0       0x18 Source/tasks/Organization.o
 .debug_ranges  0x000006c8       0x30 Source/tasks/SensorDataSharePackage.o
 .debug_ranges  0x000006f8       0x18 Source/tasks/servo.o
 .debug_ranges  0x00000710       0x38 Source/tasks/tempHumid.o
 .debug_ranges  0x00000748       0x28 main.o
 .debug_ranges  0x00000770       0x58 ../drivers\libIotLibrary.a(hih8120.o)
 .debug_ranges  0x000007c8      0x128 ../drivers\libIotLibrary.a(lora_driver.o)
 .debug_ranges  0x000008f0       0x30 ../drivers\libIotLibrary.a(lora_driver_utils.o)
 .debug_ranges  0x00000920       0x48 ../drivers\libIotLibrary.a(mh_z19.o)
 .debug_ranges  0x00000968       0x18 ../drivers\libIotLibrary.a(rc_servo.o)
 .debug_ranges  0x00000980       0x98 ../drivers\libIotLibrary.a(serial.o)
 .debug_ranges  0x00000a18       0x28 ../drivers\libIotLibrary.a(stdio_driver.o)
 .debug_ranges  0x00000a40       0x58 ../drivers\libIotLibrary.a(status_leds.o)
 .debug_ranges  0x00000a98       0x40 ../drivers\libIotLibrary.a(twi.o)
 .debug_ranges  0x00000ad8       0x10 ../drivers\libIotLibrary.a(fifo.o)

.debug_macro
 *(.debug_macro)
OUTPUT(SEP4-Group3.elf elf32-avr)
LOAD linker stubs
